// Jest Snapshot v1, https://goo.gl/fbAQLP

exports[`basic export 1`] = `
Array [
  "[4,0,\\"meta\\",2,\\"test\\",\\"0.0.0\\"]",
  "[4,1,\\"account\\",\\"mock_account_export_0\\",\\"PcbUsj9a5mnpn6wT6InSD9n\\",\\"clubcoin\\"]",
  "[4,2,\\"account\\",\\"mock_account_export_1\\",\\"rv6RjflCC8\\",\\"ubiq\\"]",
  "[4,3,\\"account\\",\\"mock_account_export_2\\",\\"f9mx3pw3IAcuP7ovSPao6EQ\\",\\"ubiq\\"]",
]
`;

exports[`basic export with pad 1`] = `
Array [
  "[4,0,\\"meta\\",2,\\"test\\",\\"0.0.0\\"]                                               ",
  "[4,1,\\"account\\",\\"mock_account_export_0\\",\\"PcbUsj9a5mnpn6wT6InSD9n\\",\\"clubcoin\\"]",
  "[4,2,\\"account\\",\\"mock_account_export_1\\",\\"rv6RjflCC8\\",\\"ubiq\\"]                 ",
  "[4,3,\\"account\\",\\"mock_account_export_2\\",\\"f9mx3pw3IAcuP7ovSPao6EQ\\",\\"ubiq\\"]    ",
]
`;
