// Jest Snapshot v1, https://goo.gl/fbAQLP

exports[`import 1`] = `
Object {
  "accounts": Array [
    Array [
      "account",
      "mock_account_export_0",
      "pQNKgto",
      "peercoin",
    ],
    Array [
      "account",
      "mock_account_export_1",
      "2KTQvcmdW2zTneCnPImZvgYLGi5rIBgc",
      "peercoin",
    ],
    Array [
      "account",
      "mock_account_export_2",
      "23PIvq83MrbdhquMsST6yH4PX3dBptsh",
      "peercoin",
    ],
  ],
  "meta": Object {
    "chunksFormatVersion": 2,
    "exporterName": "test",
    "exporterVersion": "0.0.0",
  },
}
`;
