{
  "type": "signed"
}
{
  "type": "broadcasted",
  "operation": {
    "id": "libcore:1:bitcoin:xpub6CPQEufkhLbLEpN5zecgHJhZEAyew1BLnGai3bpS61BbygeJ9YbG9YXyWrWMGrqV1QzqEAHcSazyXdhffZe9H8oRgshy4J8rXHa5QkpFqo3:segwit--OUT",
    "hash": "",
    "type": "OUT",
    "value": "100244",
    "fee": "244",
    "blockHash": null,
    "blockHeight": null,
    "senders": [
      "3B97m7jVp7oZvqN45W1gT3KfBr32xYJFiB"
    ],
    "recipients": [
      "38kR7X5paSu5etiwrK7UDY1Tmt1G8UuLEU",
      "38m4x2Fgc15u6TGpmhN9LrGkpdVkQmH8M3"
    ],
    "accountId": "libcore:1:bitcoin:xpub6CPQEufkhLbLEpN5zecgHJhZEAyew1BLnGai3bpS61BbygeJ9YbG9YXyWrWMGrqV1QzqEAHcSazyXdhffZe9H8oRgshy4J8rXHa5QkpFqo3:segwit",
    "extra": {}
  }
}
