mkdpWGrPpNqysJJ72ye8FZ7XywJn7WCLqR -> tb1q2dzl2a48sej5c9s9qzkpa3fer6s2zsht6f3sxh with fee=0 𝚝BTC 0
mkdpWGrPpNqysJJ72ye8FZ7XywJn7WCLqR -> tb1q2dzl2a48sej5c9s9qzkpa3fer6s2zsht6f3sxh with fee=3 𝚝BTC 0.00000678
mkdpWGrPpNqysJJ72ye8FZ7XywJn7WCLqR -> tb1q2dzl2a48sej5c9s9qzkpa3fer6s2zsht6f3sxh with fee=12 𝚝BTC 0.00002712
mkdpWGrPpNqysJJ72ye8FZ7XywJn7WCLqR -> 2MtDVceeyg8hwv4regwYdFS3Vee3UWaikwq with fee=0 𝚝BTC 0
mkdpWGrPpNqysJJ72ye8FZ7XywJn7WCLqR -> 2MtDVceeyg8hwv4regwYdFS3Vee3UWaikwq with fee=3 𝚝BTC 0.00000678
mkdpWGrPpNqysJJ72ye8FZ7XywJn7WCLqR -> 2MtDVceeyg8hwv4regwYdFS3Vee3UWaikwq with fee=12 𝚝BTC 0.00002712
mkdpWGrPpNqysJJ72ye8FZ7XywJn7WCLqR -> mkdpWGrPpNqysJJ72ye8FZ7XywJn7WCLqR with fee=0 𝚝BTC 0
mkdpWGrPpNqysJJ72ye8FZ7XywJn7WCLqR -> mkdpWGrPpNqysJJ72ye8FZ7XywJn7WCLqR with fee=3 𝚝BTC 0.00000678
mkdpWGrPpNqysJJ72ye8FZ7XywJn7WCLqR -> mkdpWGrPpNqysJJ72ye8FZ7XywJn7WCLqR with fee=12 𝚝BTC 0.00002712
mkdpWGrPpNqysJJ72ye8FZ7XywJn7WCLqR -> wrongaddress with fee=0 InvalidAddress
mkdpWGrPpNqysJJ72ye8FZ7XywJn7WCLqR -> wrongaddress with fee=3 InvalidAddress
mkdpWGrPpNqysJJ72ye8FZ7XywJn7WCLqR -> wrongaddress with fee=12 InvalidAddress
2MtDVceeyg8hwv4regwYdFS3Vee3UWaikwq -> tb1q2dzl2a48sej5c9s9qzkpa3fer6s2zsht6f3sxh with fee=0 𝚝BTC 0
2MtDVceeyg8hwv4regwYdFS3Vee3UWaikwq -> tb1q2dzl2a48sej5c9s9qzkpa3fer6s2zsht6f3sxh with fee=3 𝚝BTC 0.0000099
2MtDVceeyg8hwv4regwYdFS3Vee3UWaikwq -> tb1q2dzl2a48sej5c9s9qzkpa3fer6s2zsht6f3sxh with fee=12 𝚝BTC 0.0000396
2MtDVceeyg8hwv4regwYdFS3Vee3UWaikwq -> 2MtDVceeyg8hwv4regwYdFS3Vee3UWaikwq with fee=0 𝚝BTC 0
2MtDVceeyg8hwv4regwYdFS3Vee3UWaikwq -> 2MtDVceeyg8hwv4regwYdFS3Vee3UWaikwq with fee=3 𝚝BTC 0.0000099
2MtDVceeyg8hwv4regwYdFS3Vee3UWaikwq -> 2MtDVceeyg8hwv4regwYdFS3Vee3UWaikwq with fee=12 𝚝BTC 0.0000396
2MtDVceeyg8hwv4regwYdFS3Vee3UWaikwq -> mkdpWGrPpNqysJJ72ye8FZ7XywJn7WCLqR with fee=0 𝚝BTC 0
2MtDVceeyg8hwv4regwYdFS3Vee3UWaikwq -> mkdpWGrPpNqysJJ72ye8FZ7XywJn7WCLqR with fee=3 𝚝BTC 0.0000099
2MtDVceeyg8hwv4regwYdFS3Vee3UWaikwq -> mkdpWGrPpNqysJJ72ye8FZ7XywJn7WCLqR with fee=12 𝚝BTC 0.0000396
2MtDVceeyg8hwv4regwYdFS3Vee3UWaikwq -> wrongaddress with fee=0 InvalidAddress
2MtDVceeyg8hwv4regwYdFS3Vee3UWaikwq -> wrongaddress with fee=3 InvalidAddress
2MtDVceeyg8hwv4regwYdFS3Vee3UWaikwq -> wrongaddress with fee=12 InvalidAddress
2MtPYgdDKiH9cSkhgrCBxjhtzvMav6tQEEk -> tb1q2dzl2a48sej5c9s9qzkpa3fer6s2zsht6f3sxh with fee=0 NotEnoughBalance
2MtPYgdDKiH9cSkhgrCBxjhtzvMav6tQEEk -> tb1q2dzl2a48sej5c9s9qzkpa3fer6s2zsht6f3sxh with fee=3 NotEnoughBalance
2MtPYgdDKiH9cSkhgrCBxjhtzvMav6tQEEk -> tb1q2dzl2a48sej5c9s9qzkpa3fer6s2zsht6f3sxh with fee=12 NotEnoughBalance
2MtPYgdDKiH9cSkhgrCBxjhtzvMav6tQEEk -> 2MtDVceeyg8hwv4regwYdFS3Vee3UWaikwq with fee=0 NotEnoughBalance
2MtPYgdDKiH9cSkhgrCBxjhtzvMav6tQEEk -> 2MtDVceeyg8hwv4regwYdFS3Vee3UWaikwq with fee=3 NotEnoughBalance
2MtPYgdDKiH9cSkhgrCBxjhtzvMav6tQEEk -> 2MtDVceeyg8hwv4regwYdFS3Vee3UWaikwq with fee=12 NotEnoughBalance
2MtPYgdDKiH9cSkhgrCBxjhtzvMav6tQEEk -> mkdpWGrPpNqysJJ72ye8FZ7XywJn7WCLqR with fee=0 NotEnoughBalance
2MtPYgdDKiH9cSkhgrCBxjhtzvMav6tQEEk -> mkdpWGrPpNqysJJ72ye8FZ7XywJn7WCLqR with fee=3 NotEnoughBalance
2MtPYgdDKiH9cSkhgrCBxjhtzvMav6tQEEk -> mkdpWGrPpNqysJJ72ye8FZ7XywJn7WCLqR with fee=12 NotEnoughBalance
2MtPYgdDKiH9cSkhgrCBxjhtzvMav6tQEEk -> wrongaddress with fee=0 InvalidAddress
2MtPYgdDKiH9cSkhgrCBxjhtzvMav6tQEEk -> wrongaddress with fee=3 InvalidAddress
2MtPYgdDKiH9cSkhgrCBxjhtzvMav6tQEEk -> wrongaddress with fee=12 InvalidAddress
2N9uCsDi1C6eHCzMdWtdyMDsCubKmZQJC6B -> tb1q2dzl2a48sej5c9s9qzkpa3fer6s2zsht6f3sxh with fee=0 NotEnoughBalance
2N9uCsDi1C6eHCzMdWtdyMDsCubKmZQJC6B -> tb1q2dzl2a48sej5c9s9qzkpa3fer6s2zsht6f3sxh with fee=3 NotEnoughBalance
2N9uCsDi1C6eHCzMdWtdyMDsCubKmZQJC6B -> tb1q2dzl2a48sej5c9s9qzkpa3fer6s2zsht6f3sxh with fee=12 NotEnoughBalance
2N9uCsDi1C6eHCzMdWtdyMDsCubKmZQJC6B -> 2MtDVceeyg8hwv4regwYdFS3Vee3UWaikwq with fee=0 NotEnoughBalance
2N9uCsDi1C6eHCzMdWtdyMDsCubKmZQJC6B -> 2MtDVceeyg8hwv4regwYdFS3Vee3UWaikwq with fee=3 NotEnoughBalance
2N9uCsDi1C6eHCzMdWtdyMDsCubKmZQJC6B -> 2MtDVceeyg8hwv4regwYdFS3Vee3UWaikwq with fee=12 NotEnoughBalance
2N9uCsDi1C6eHCzMdWtdyMDsCubKmZQJC6B -> mkdpWGrPpNqysJJ72ye8FZ7XywJn7WCLqR with fee=0 NotEnoughBalance
2N9uCsDi1C6eHCzMdWtdyMDsCubKmZQJC6B -> mkdpWGrPpNqysJJ72ye8FZ7XywJn7WCLqR with fee=3 NotEnoughBalance
2N9uCsDi1C6eHCzMdWtdyMDsCubKmZQJC6B -> mkdpWGrPpNqysJJ72ye8FZ7XywJn7WCLqR with fee=12 NotEnoughBalance
2N9uCsDi1C6eHCzMdWtdyMDsCubKmZQJC6B -> wrongaddress with fee=0 InvalidAddress
2N9uCsDi1C6eHCzMdWtdyMDsCubKmZQJC6B -> wrongaddress with fee=3 InvalidAddress
2N9uCsDi1C6eHCzMdWtdyMDsCubKmZQJC6B -> wrongaddress with fee=12 InvalidAddress
