13CpyBt4mXRPz9cVda4dABNrNA47EhBe32 - BTC 0.00000452
3BNCgkXmt1TqYTjeR5GESjQSq8octYRD9H - BTC 0.00000488
34N7XoKANmM66ZQDyQf2j8hPaTo6v5X8eA - NotEnoughBalance
38pozD9N9Sb4a2vJVvn1VsTESwhxvvTYDS - NotEnoughBalance
32zC2Vt63WJttvkvtYtHEJFh2gjZRi1K29 - 