// Jest Snapshot v1, https://goo.gl/fbAQLP

exports[`accountModel encode 1`] = `
Object {
  "data": Object {
    "address": "1TrvaGgHc7nK3XbHERUhDwHorM",
    "addresses": Array [
      "1TrvaGgHc7nK3XbHERUhDwHorM",
    ],
    "archived": false,
    "balance": 878360551,
    "blockHeight": 157292,
    "currencyId": "dash",
    "id": "mock_account_model1",
    "index": 0,
    "isSegwit": true,
    "lastSyncDate": "2018-03-14T17:34:42.000Z",
    "minConfirmations": 2,
    "name": "1A9mz43nd6",
    "operations": Array [
      Object {
        "accountId": "mock_account_model1",
        "address": "1eD4pkaorigA9P5jBnMRdb51y8YZE",
        "addresses": Array [
          "1eD4pkaorigA9P5jBnMRdb51y8YZE",
        ],
        "amount": 7558657,
        "blockHash": "A7C74839E84947BC77AC8D6C1E66B89E420C761ACFFE0AC902391D29FDFBF59E",
        "blockHeight": 157283,
        "confirmations": 0,
        "date": "2018-03-14T15:19:05.714Z",
        "hash": "20FBDB7C235F4848FC204CC05EF510B5421F191ECF3825AB13ABD5471EF6A382",
        "id": "mock_op_0_mock_account_model1",
        "recipients": Array [
          "1eD4pkaorigA9P5jBnMRdb51y8YZE",
        ],
        "senders": Array [
          "1eD4pkaorigA9P5jBnMRdb51y8YZE",
        ],
      },
      Object {
        "accountId": "mock_account_model1",
        "address": "1Lr8KJsqRSyoiMJZHRfSqVFG2ssL",
        "addresses": Array [
          "1Lr8KJsqRSyoiMJZHRfSqVFG2ssL",
        ],
        "amount": 11009801,
        "blockHash": "FA54B7CE322D272272C81B71A56531F1AA0344FDB5D34684FCF5387A9678DD75",
        "blockHeight": 157273,
        "confirmations": 0,
        "date": "2018-03-14T12:44:14.147Z",
        "hash": "6B45C5D5755CCCE9274FF0F96D07E7B8428D4BFE52AC9E860F9F0ADB75822D23",
        "id": "mock_op_1_mock_account_model1",
        "recipients": Array [
          "1Lr8KJsqRSyoiMJZHRfSqVFG2ssL",
        ],
        "senders": Array [
          "1Lr8KJsqRSyoiMJZHRfSqVFG2ssL",
        ],
      },
      Object {
        "accountId": "mock_account_model1",
        "address": "1ZMEsfR5uczByV2iPBnXn8CLUD",
        "addresses": Array [
          "1ZMEsfR5uczByV2iPBnXn8CLUD",
        ],
        "amount": 33044253,
        "blockHash": "16AB43DA207D1B944F71026C82FDE9420EF0BCF211D0FF8D7963ACB8D0C68A25",
        "blockHeight": 157251,
        "confirmations": 0,
        "date": "2018-03-14T07:14:20.274Z",
        "hash": "0714CFF5FD63AAA8501089847AD11E952D865020F10DC623FCE56023C73B2B99",
        "id": "mock_op_2_mock_account_model1",
        "recipients": Array [
          "1ZMEsfR5uczByV2iPBnXn8CLUD",
        ],
        "senders": Array [
          "1ZMEsfR5uczByV2iPBnXn8CLUD",
        ],
      },
      Object {
        "accountId": "mock_account_model1",
        "address": "1SeGv8x5pMhM6tTyYAyyzB6TY5qCj",
        "addresses": Array [
          "1SeGv8x5pMhM6tTyYAyyzB6TY5qCj",
        ],
        "amount": 50490,
        "blockHash": "C2E74FE72952F178D40C54C16FB596ADFF0E21CDC40B9F1551A8E9701D417320",
        "blockHeight": 157243,
        "confirmations": 0,
        "date": "2018-03-14T05:16:27.813Z",
        "hash": "31EA5F053C6E00566F3E98B1FEB56CCFFFB7E1AEBB3B1E54A3BBDD055773D99B",
        "id": "mock_op_3_mock_account_model1",
        "recipients": Array [
          "1SeGv8x5pMhM6tTyYAyyzB6TY5qCj",
        ],
        "senders": Array [
          "1SeGv8x5pMhM6tTyYAyyzB6TY5qCj",
        ],
      },
      Object {
        "accountId": "mock_account_model1",
        "address": "16ty7zRtchxy11w6C5QTz28GzBH",
        "addresses": Array [
          "16ty7zRtchxy11w6C5QTz28GzBH",
        ],
        "amount": 822690,
        "blockHash": "A100FC1EBE0C414A1052061833D8098E76146253057B5C483E626136EBE7F52B",
        "blockHeight": 157234,
        "confirmations": 0,
        "date": "2018-03-14T02:53:12.511Z",
        "hash": "016754C44C233A7F8039ACB47A744234937CF517D5D66B1AC11D206502200C3F",
        "id": "mock_op_4_mock_account_model1",
        "recipients": Array [
          "16ty7zRtchxy11w6C5QTz28GzBH",
        ],
        "senders": Array [
          "16ty7zRtchxy11w6C5QTz28GzBH",
        ],
      },
      Object {
        "accountId": "mock_account_model1",
        "address": "14Q6CZVbVrVaKqqx9yDFio1enGYB3",
        "addresses": Array [
          "14Q6CZVbVrVaKqqx9yDFio1enGYB3",
        ],
        "amount": 39916839,
        "blockHash": "7E202E02C5274768D5DC3E17D7E95359EAB72D2BD63E908F28FB7D89A5D96B39",
        "blockHeight": 157218,
        "confirmations": 0,
        "date": "2018-03-13T22:58:37.013Z",
        "hash": "2F9DA9D5409F80F394D5EA2961D83DAF28AF57EDF65E944990B607916BC912C3",
        "id": "mock_op_5_mock_account_model1",
        "recipients": Array [
          "14Q6CZVbVrVaKqqx9yDFio1enGYB3",
        ],
        "senders": Array [
          "14Q6CZVbVrVaKqqx9yDFio1enGYB3",
        ],
      },
      Object {
        "accountId": "mock_account_model1",
        "address": "1S3ScoR3UA3ZRErstcJ3PeU9RzzLe",
        "addresses": Array [
          "1S3ScoR3UA3ZRErstcJ3PeU9RzzLe",
        ],
        "amount": -26937926,
        "blockHash": "600428D5805925F1A277B1ABE0018CA3186A090A78D0D53114B0245943D49199",
        "blockHeight": 157218,
        "confirmations": 0,
        "date": "2018-03-13T22:57:19.070Z",
        "hash": "4CEA5B229B271F0095883931C815AE08F5E6335B536ACB852D11DBD7CF11094E",
        "id": "mock_op_6_mock_account_model1",
        "recipients": Array [
          "1S3ScoR3UA3ZRErstcJ3PeU9RzzLe",
        ],
        "senders": Array [
          "1S3ScoR3UA3ZRErstcJ3PeU9RzzLe",
        ],
      },
      Object {
        "accountId": "mock_account_model1",
        "address": "1FnmbRzrEuUp9d4XwLkTUUSgx5LAhcKJR",
        "addresses": Array [
          "1FnmbRzrEuUp9d4XwLkTUUSgx5LAhcKJR",
        ],
        "amount": 35084645,
        "blockHash": "03ACEAEB259C924596EAE3968F4CC2F5862F99D221644B6672ADBAB07102380D",
        "blockHeight": 157166,
        "confirmations": 0,
        "date": "2018-03-13T09:52:14.784Z",
        "hash": "1A81DA5F069A30961AFFCCE8EFEA22B7104B5B6008E6F489677E446979B05778",
        "id": "mock_op_7_mock_account_model1",
        "recipients": Array [
          "1FnmbRzrEuUp9d4XwLkTUUSgx5LAhcKJR",
        ],
        "senders": Array [
          "1FnmbRzrEuUp9d4XwLkTUUSgx5LAhcKJR",
        ],
      },
      Object {
        "accountId": "mock_account_model1",
        "address": "1fTTpcWNd45HycySLqootis1vH8",
        "addresses": Array [
          "1fTTpcWNd45HycySLqootis1vH8",
        ],
        "amount": 39697059,
        "blockHash": "1ECBC6844C2381AF2876D674525DD5C34D06F5FF18874CC779F233673848F629",
        "blockHeight": 157156,
        "confirmations": 0,
        "date": "2018-03-13T07:21:29.646Z",
        "hash": "2F30D5E187DC1DCEE0AB88AAF1FFECBEBF05DE204BC0D5667319EA4C10671704",
        "id": "mock_op_8_mock_account_model1",
        "recipients": Array [
          "1fTTpcWNd45HycySLqootis1vH8",
        ],
        "senders": Array [
          "1fTTpcWNd45HycySLqootis1vH8",
        ],
      },
      Object {
        "accountId": "mock_account_model1",
        "address": "1bphzyev1Xq3BkvrdzJJZgRgjKsvH",
        "addresses": Array [
          "1bphzyev1Xq3BkvrdzJJZgRgjKsvH",
        ],
        "amount": 45622215,
        "blockHash": "3E258852E700B6E789BCA5B2D2FF5BE5644D85A08D9B2193FC7E02F2CC44D7F1",
        "blockHeight": 157147,
        "confirmations": 0,
        "date": "2018-03-13T05:08:00.582Z",
        "hash": "BA7A45D8CF91EF53FD17FC6BA5331EA4F74B797238A0D2AD74DBFA3B9E84C3B9",
        "id": "mock_op_9_mock_account_model1",
        "recipients": Array [
          "1bphzyev1Xq3BkvrdzJJZgRgjKsvH",
        ],
        "senders": Array [
          "1bphzyev1Xq3BkvrdzJJZgRgjKsvH",
        ],
      },
      Object {
        "accountId": "mock_account_model1",
        "address": "1G5nRkKWNLHggSwvqeNymbAhuR9pah",
        "addresses": Array [
          "1G5nRkKWNLHggSwvqeNymbAhuR9pah",
        ],
        "amount": 40053460,
        "blockHash": "746F0EAEB7593B023B73B6A5B77239C90CDADC16F63CD8B9BFA394FA43E30085",
        "blockHeight": 157142,
        "confirmations": 0,
        "date": "2018-03-13T03:56:59.846Z",
        "hash": "495B063E4EC5E0148524F8C0711B2D9F80DD6035B8BC86C4070DAC83211A5FDB",
        "id": "mock_op_10_mock_account_model1",
        "recipients": Array [
          "1G5nRkKWNLHggSwvqeNymbAhuR9pah",
        ],
        "senders": Array [
          "1G5nRkKWNLHggSwvqeNymbAhuR9pah",
        ],
      },
      Object {
        "accountId": "mock_account_model1",
        "address": "1FeP9VYBAjN43m4L6hguz96wPk",
        "addresses": Array [
          "1FeP9VYBAjN43m4L6hguz96wPk",
        ],
        "amount": -9634689,
        "blockHash": "0BAD778523F65D78F7100CD0F624BF7DB2353DEFE3CC4148D1C07EDAF5779128",
        "blockHeight": 157138,
        "confirmations": 0,
        "date": "2018-03-13T02:51:21.735Z",
        "hash": "F018EF1488CCC3B75F18B3CAE79AFE3089EE36F523B1314D3BBA898DB0059B6A",
        "id": "mock_op_11_mock_account_model1",
        "recipients": Array [
          "1FeP9VYBAjN43m4L6hguz96wPk",
        ],
        "senders": Array [
          "1FeP9VYBAjN43m4L6hguz96wPk",
        ],
      },
      Object {
        "accountId": "mock_account_model1",
        "address": "1624Khb7eHH2SmTEEAcAxHn37m7q887r",
        "addresses": Array [
          "1624Khb7eHH2SmTEEAcAxHn37m7q887r",
        ],
        "amount": 8601128,
        "blockHash": "521B4AF624AE630DD6CB27864A8C115A4204E74E2E24B9BE09E32DC492662494",
        "blockHeight": 157129,
        "confirmations": 0,
        "date": "2018-03-13T00:47:30.574Z",
        "hash": "8C38FBCD4DECE4720CB1946B89FC462861192F252E7F83904C81B879F0DAA74C",
        "id": "mock_op_12_mock_account_model1",
        "recipients": Array [
          "1624Khb7eHH2SmTEEAcAxHn37m7q887r",
        ],
        "senders": Array [
          "1624Khb7eHH2SmTEEAcAxHn37m7q887r",
        ],
      },
      Object {
        "accountId": "mock_account_model1",
        "address": "1gA9PjszAZxMyPgUF7BSLPp4zGqmeu4FatD",
        "addresses": Array [
          "1gA9PjszAZxMyPgUF7BSLPp4zGqmeu4FatD",
        ],
        "amount": 19002079,
        "blockHash": "863D68BE214EECAB84D82EAE61EB478C11223F0F2E82EE46EE69FF36C8FB0A28",
        "blockHeight": 157128,
        "confirmations": 0,
        "date": "2018-03-13T00:26:07.312Z",
        "hash": "D24B53F80472BABFD5661FB96944E76F9F8D5D5F7A689BE0659066FE9F219292",
        "id": "mock_op_13_mock_account_model1",
        "recipients": Array [
          "1gA9PjszAZxMyPgUF7BSLPp4zGqmeu4FatD",
        ],
        "senders": Array [
          "1gA9PjszAZxMyPgUF7BSLPp4zGqmeu4FatD",
        ],
      },
      Object {
        "accountId": "mock_account_model1",
        "address": "19tBRfTGhDtZww1fz2rxRemgwY",
        "addresses": Array [
          "19tBRfTGhDtZww1fz2rxRemgwY",
        ],
        "amount": -37344817,
        "blockHash": "CC0515D407A720EC70DC322AE42CDF940CE0FB247EEA015489569842FD0BC53A",
        "blockHeight": 157126,
        "confirmations": 0,
        "date": "2018-03-13T00:01:28.450Z",
        "hash": "625E9F44B7AAAB16ABA8EE395F9EB9DFE5684C355A7F874D6EC4542E178D360D",
        "id": "mock_op_14_mock_account_model1",
        "recipients": Array [
          "19tBRfTGhDtZww1fz2rxRemgwY",
        ],
        "senders": Array [
          "19tBRfTGhDtZww1fz2rxRemgwY",
        ],
      },
      Object {
        "accountId": "mock_account_model1",
        "address": "16vBvJAEUZKByrsUSdYDiJhfGa9pBjDko",
        "addresses": Array [
          "16vBvJAEUZKByrsUSdYDiJhfGa9pBjDko",
        ],
        "amount": 95934065,
        "blockHash": "8B36A852C12E4E7898A94ACD56C1A30D13A0BCDB5ECC84C8F10B0DAB68D211E9",
        "blockHeight": 157109,
        "confirmations": 0,
        "date": "2018-03-12T19:47:32.374Z",
        "hash": "AC0738ED373C93081C2704C72ACB4BC3AF3E72EA183B40EE8933FCEC7A2EAEF4",
        "id": "mock_op_15_mock_account_model1",
        "recipients": Array [
          "16vBvJAEUZKByrsUSdYDiJhfGa9pBjDko",
        ],
        "senders": Array [
          "16vBvJAEUZKByrsUSdYDiJhfGa9pBjDko",
        ],
      },
      Object {
        "accountId": "mock_account_model1",
        "address": "1s5UsSBPet4tfRK63dSyWF34uiqic",
        "addresses": Array [
          "1s5UsSBPet4tfRK63dSyWF34uiqic",
        ],
        "amount": 131072171,
        "blockHash": "698F26D02F2B8E2A41E94EAF18560B0FC86F5871521E7203A333BAB22F0629AB",
        "blockHeight": 157105,
        "confirmations": 0,
        "date": "2018-03-12T18:46:15.189Z",
        "hash": "F9EB0109E7E117F8CB51ED3059477F1F407DEFBAC3EDD72F76E17D750C19C490",
        "id": "mock_op_16_mock_account_model1",
        "recipients": Array [
          "1s5UsSBPet4tfRK63dSyWF34uiqic",
        ],
        "senders": Array [
          "1s5UsSBPet4tfRK63dSyWF34uiqic",
        ],
      },
      Object {
        "accountId": "mock_account_model1",
        "address": "1vFexTSm5PkaQa5HEE2cEgRwCi9Ecyp",
        "addresses": Array [
          "1vFexTSm5PkaQa5HEE2cEgRwCi9Ecyp",
        ],
        "amount": 74651024,
        "blockHash": "14F5DF33251E27884984076751069BBAA81E3EC1C0A9E8A6CD5685968FD8A517",
        "blockHeight": 157105,
        "confirmations": 0,
        "date": "2018-03-12T18:36:00.635Z",
        "hash": "FCA99536EACD7417D316FD952728303967D5327EDD976A3EBB86567E9EDF5E6E",
        "id": "mock_op_17_mock_account_model1",
        "recipients": Array [
          "1vFexTSm5PkaQa5HEE2cEgRwCi9Ecyp",
        ],
        "senders": Array [
          "1vFexTSm5PkaQa5HEE2cEgRwCi9Ecyp",
        ],
      },
      Object {
        "accountId": "mock_account_model1",
        "address": "14BzZFd2eGpwAWqkCm3phron7L",
        "addresses": Array [
          "14BzZFd2eGpwAWqkCm3phron7L",
        ],
        "amount": -3124443,
        "blockHash": "AB643CD29A768E14A67C7EC028519334F1D60AE29B4F77575D712446DED90E84",
        "blockHeight": 157092,
        "confirmations": 0,
        "date": "2018-03-12T15:26:47.963Z",
        "hash": "DE39E856EC884E780806B7AC19AC253B40FADB3478639763D7C43CCC28118734",
        "id": "mock_op_18_mock_account_model1",
        "recipients": Array [
          "14BzZFd2eGpwAWqkCm3phron7L",
        ],
        "senders": Array [
          "14BzZFd2eGpwAWqkCm3phron7L",
        ],
      },
      Object {
        "accountId": "mock_account_model1",
        "address": "1wEH5eEi5aqKMQrzva1As7fr1ZL",
        "addresses": Array [
          "1wEH5eEi5aqKMQrzva1As7fr1ZL",
        ],
        "amount": 2144342,
        "blockHash": "64A5CF45151B2D8444E4D32A2C28A3A642BC9FC6CAB4D3C8DDF00EC9ACD54ADD",
        "blockHeight": 157085,
        "confirmations": 0,
        "date": "2018-03-12T13:48:36.218Z",
        "hash": "85E3A0339BEE972342960F39B25CA07E7D5A91C8710F97C9C6D87B7E9A654D3C",
        "id": "mock_op_19_mock_account_model1",
        "recipients": Array [
          "1wEH5eEi5aqKMQrzva1As7fr1ZL",
        ],
        "senders": Array [
          "1wEH5eEi5aqKMQrzva1As7fr1ZL",
        ],
      },
      Object {
        "accountId": "mock_account_model1",
        "address": "1dJzNKSBc31mGgcTtwf9ae5dTV9",
        "addresses": Array [
          "1dJzNKSBc31mGgcTtwf9ae5dTV9",
        ],
        "amount": -74250,
        "blockHash": "A59B6CF7B8C71DC76CABF327AA7C7CC8C90F2EA76819ED193F4619EFF010A2A1",
        "blockHeight": 157084,
        "confirmations": 0,
        "date": "2018-03-12T13:20:17.500Z",
        "hash": "924585FAB06ED5D18700374CC322E06EC7D07F3CC21BAE46F353D16233E6DFC3",
        "id": "mock_op_20_mock_account_model1",
        "recipients": Array [
          "1dJzNKSBc31mGgcTtwf9ae5dTV9",
        ],
        "senders": Array [
          "1dJzNKSBc31mGgcTtwf9ae5dTV9",
        ],
      },
      Object {
        "accountId": "mock_account_model1",
        "address": "1oN1pySKrGdL3JGGG9zNrALGoVvrq",
        "addresses": Array [
          "1oN1pySKrGdL3JGGG9zNrALGoVvrq",
        ],
        "amount": 1945351,
        "blockHash": "4CB84D30A98DB9539C784F9346913697F9083523FF39AA7A35D4FE82334DDBF0",
        "blockHeight": 157052,
        "confirmations": 0,
        "date": "2018-03-12T05:25:59.435Z",
        "hash": "B441B87E516EA8F0E237873349084FEB887915331911B25214FE8F2C63CACF4D",
        "id": "mock_op_21_mock_account_model1",
        "recipients": Array [
          "1oN1pySKrGdL3JGGG9zNrALGoVvrq",
        ],
        "senders": Array [
          "1oN1pySKrGdL3JGGG9zNrALGoVvrq",
        ],
      },
      Object {
        "accountId": "mock_account_model1",
        "address": "14U38YP9ma7875PPbMp3Egcyy325Qjw",
        "addresses": Array [
          "14U38YP9ma7875PPbMp3Egcyy325Qjw",
        ],
        "amount": 11458271,
        "blockHash": "9F32662363E2460154F93CF772A7C700FB8CB4AB2FC35D14CF8C8F439ED1F70F",
        "blockHeight": 157016,
        "confirmations": 0,
        "date": "2018-03-11T20:27:38.422Z",
        "hash": "131FC7FDC807979374A2CA88C4BCDF26BE507171793A7A95D69C3FFB48278565",
        "id": "mock_op_22_mock_account_model1",
        "recipients": Array [
          "14U38YP9ma7875PPbMp3Egcyy325Qjw",
        ],
        "senders": Array [
          "14U38YP9ma7875PPbMp3Egcyy325Qjw",
        ],
      },
      Object {
        "accountId": "mock_account_model1",
        "address": "1cWwaALyGqFAb4hZJVbZpwhrEuzxm8",
        "addresses": Array [
          "1cWwaALyGqFAb4hZJVbZpwhrEuzxm8",
        ],
        "amount": -7597267,
        "blockHash": "3EA59C9193EE92683B9128BC411459E976A9390D77A9EFA7AEC67790F2DF2AFC",
        "blockHeight": 157015,
        "confirmations": 0,
        "date": "2018-03-11T20:07:29.276Z",
        "hash": "FC4D42D000E31C05DF4FFCEE2207DF34E01174A25922FD92831389507DD9A102",
        "id": "mock_op_23_mock_account_model1",
        "recipients": Array [
          "1cWwaALyGqFAb4hZJVbZpwhrEuzxm8",
        ],
        "senders": Array [
          "1cWwaALyGqFAb4hZJVbZpwhrEuzxm8",
        ],
      },
      Object {
        "accountId": "mock_account_model1",
        "address": "1zg5r4v6fGicKhMkmpuAwi2TNQmpsXJ7Y5n",
        "addresses": Array [
          "1zg5r4v6fGicKhMkmpuAwi2TNQmpsXJ7Y5n",
        ],
        "amount": 29869319,
        "blockHash": "5A75FE71C205064141A60E1B60B64AB8E595AECFAC7656D3FD4C16739CC3D9CB",
        "blockHeight": 157008,
        "confirmations": 0,
        "date": "2018-03-11T18:21:35.515Z",
        "hash": "4074677A1FD835450C39C54AFD729C45BF3E6A2DA403AA83354DBB4DAE899EEB",
        "id": "mock_op_24_mock_account_model1",
        "recipients": Array [
          "1zg5r4v6fGicKhMkmpuAwi2TNQmpsXJ7Y5n",
        ],
        "senders": Array [
          "1zg5r4v6fGicKhMkmpuAwi2TNQmpsXJ7Y5n",
        ],
      },
      Object {
        "accountId": "mock_account_model1",
        "address": "1JSJSe4DZKMGmjKh4TtRyRCWpTt",
        "addresses": Array [
          "1JSJSe4DZKMGmjKh4TtRyRCWpTt",
        ],
        "amount": 32206712,
        "blockHash": "53FF88D4BADBF62DBAB348EAE252B964F40BEBFB2B954A2F5837929A9A438950",
        "blockHeight": 156999,
        "confirmations": 0,
        "date": "2018-03-11T16:17:45.184Z",
        "hash": "89850D04DCCBF3905434AB744D5963555276B23382813E84B4877DA44601257F",
        "id": "mock_op_25_mock_account_model1",
        "recipients": Array [
          "1JSJSe4DZKMGmjKh4TtRyRCWpTt",
        ],
        "senders": Array [
          "1JSJSe4DZKMGmjKh4TtRyRCWpTt",
        ],
      },
      Object {
        "accountId": "mock_account_model1",
        "address": "1McbY5WcDy2pJzWiXXCsyciUVoC",
        "addresses": Array [
          "1McbY5WcDy2pJzWiXXCsyciUVoC",
        ],
        "amount": 11609741,
        "blockHash": "67BE99EB69F0FF6FD0CBE06122E5FF9D984F1034882DECEF7EA7B2E72C855FEB",
        "blockHeight": 156992,
        "confirmations": 0,
        "date": "2018-03-11T14:29:28.152Z",
        "hash": "5988102E10FAF1B9AD4C18DC9489EB4167BCC1CEA35755C614142416536773D1",
        "id": "mock_op_26_mock_account_model1",
        "recipients": Array [
          "1McbY5WcDy2pJzWiXXCsyciUVoC",
        ],
        "senders": Array [
          "1McbY5WcDy2pJzWiXXCsyciUVoC",
        ],
      },
      Object {
        "accountId": "mock_account_model1",
        "address": "1aipVKPigVcTwxdRGKH4LHEggs",
        "addresses": Array [
          "1aipVKPigVcTwxdRGKH4LHEggs",
        ],
        "amount": 46329076,
        "blockHash": "F2B6FCA27910F9B14BF00E312F8D6CBB3E91055E7DE2E9C7A214827E41DF4860",
        "blockHeight": 156992,
        "confirmations": 0,
        "date": "2018-03-11T14:24:14.594Z",
        "hash": "D7217CD9B9F53149251DF25E5CDBC1B37CF0FEB6ACAB5633C9A67B816D9F0493",
        "id": "mock_op_27_mock_account_model1",
        "recipients": Array [
          "1aipVKPigVcTwxdRGKH4LHEggs",
        ],
        "senders": Array [
          "1aipVKPigVcTwxdRGKH4LHEggs",
        ],
      },
      Object {
        "accountId": "mock_account_model1",
        "address": "1bpiYfe4XaXWVt9NvGmuXC9jU5NJcB1c",
        "addresses": Array [
          "1bpiYfe4XaXWVt9NvGmuXC9jU5NJcB1c",
        ],
        "amount": 47285417,
        "blockHash": "093C6B46582A97F538928F3809EECCE3A9E50E0BBC16E2B7D9931F32595ABAF4",
        "blockHeight": 156962,
        "confirmations": 0,
        "date": "2018-03-11T06:58:01.762Z",
        "hash": "A287866DF94984014289AE503A53B38976278FF532C20520E6FC34A134FE482B",
        "id": "mock_op_28_mock_account_model1",
        "recipients": Array [
          "1bpiYfe4XaXWVt9NvGmuXC9jU5NJcB1c",
        ],
        "senders": Array [
          "1bpiYfe4XaXWVt9NvGmuXC9jU5NJcB1c",
        ],
      },
      Object {
        "accountId": "mock_account_model1",
        "address": "1UMHgsayahX38KWBiuLkxLCytcgTs9c4Y",
        "addresses": Array [
          "1UMHgsayahX38KWBiuLkxLCytcgTs9c4Y",
        ],
        "amount": -638550,
        "blockHash": "2E55D0491B03C38051353424587DA4BBEEE0498AAB265E8C6574334FD80745A5",
        "blockHeight": 156959,
        "confirmations": 0,
        "date": "2018-03-11T06:18:10.706Z",
        "hash": "DE134D36E7B3C54534918EBDDB8B43BC9FBCB95301A848B22A6260D1DD593DDD",
        "id": "mock_op_29_mock_account_model1",
        "recipients": Array [
          "1UMHgsayahX38KWBiuLkxLCytcgTs9c4Y",
        ],
        "senders": Array [
          "1UMHgsayahX38KWBiuLkxLCytcgTs9c4Y",
        ],
      },
      Object {
        "accountId": "mock_account_model1",
        "address": "1855cGfmre7p1oRhLvx8ykmuhwsrURBxoC",
        "addresses": Array [
          "1855cGfmre7p1oRhLvx8ykmuhwsrURBxoC",
        ],
        "amount": -37410157,
        "blockHash": "F3BD84726897F76AAACED4937463455949A1D9E719F23578CD8B070D882A7093",
        "blockHeight": 156955,
        "confirmations": 0,
        "date": "2018-03-11T05:10:26.956Z",
        "hash": "EEAD069561C992367B560B4702B36B56255E302EC62C9179ED0407A1AC1498FF",
        "id": "mock_op_30_mock_account_model1",
        "recipients": Array [
          "1855cGfmre7p1oRhLvx8ykmuhwsrURBxoC",
        ],
        "senders": Array [
          "1855cGfmre7p1oRhLvx8ykmuhwsrURBxoC",
        ],
      },
      Object {
        "accountId": "mock_account_model1",
        "address": "1f7ndw96EAKjyqNRYg8XfUrgrHwcF3EDt",
        "addresses": Array [
          "1f7ndw96EAKjyqNRYg8XfUrgrHwcF3EDt",
        ],
        "amount": 1045441,
        "blockHash": "EA22D0A66B4C183E9441DDE0725DB051D5522CD037CDBB5FC55F5025490211F8",
        "blockHeight": 156936,
        "confirmations": 0,
        "date": "2018-03-11T00:20:53.138Z",
        "hash": "6B5D15522AFD9C1DC7232BC3A6939FC0B5D1781C3E1155E8B1576E4D93BBB16A",
        "id": "mock_op_31_mock_account_model1",
        "recipients": Array [
          "1f7ndw96EAKjyqNRYg8XfUrgrHwcF3EDt",
        ],
        "senders": Array [
          "1f7ndw96EAKjyqNRYg8XfUrgrHwcF3EDt",
        ],
      },
      Object {
        "accountId": "mock_account_model1",
        "address": "1MkA9qLwz2bC2aCKtySrsdHuLp9cg",
        "addresses": Array [
          "1MkA9qLwz2bC2aCKtySrsdHuLp9cg",
        ],
        "amount": -24493614,
        "blockHash": "3DAA8471B39075A1244E609DB7FA5C381AEAED3900317B00F1870BACA978198E",
        "blockHeight": 156912,
        "confirmations": 0,
        "date": "2018-03-10T18:29:09.237Z",
        "hash": "8C7116AB81140C86B90E1AB29CB3819EEEDEB92C44CC982797D7C4DE6BF2DB9F",
        "id": "mock_op_32_mock_account_model1",
        "recipients": Array [
          "1MkA9qLwz2bC2aCKtySrsdHuLp9cg",
        ],
        "senders": Array [
          "1MkA9qLwz2bC2aCKtySrsdHuLp9cg",
        ],
      },
      Object {
        "accountId": "mock_account_model1",
        "address": "1vRmfMuvBXi9r1isNvdvWPaCtFjoptz",
        "addresses": Array [
          "1vRmfMuvBXi9r1isNvdvWPaCtFjoptz",
        ],
        "amount": -20002970,
        "blockHash": "BDADACB89EAEB935F64CA6E4979AB7A1B5A6D3774CA52883E28E1F44CBC0B8F9",
        "blockHeight": 156909,
        "confirmations": 0,
        "date": "2018-03-10T17:42:17.407Z",
        "hash": "E45FA1496B63320F62BC6931DE1B4459ABD3DAF8A163B5F8C29043B2394F97A0",
        "id": "mock_op_33_mock_account_model1",
        "recipients": Array [
          "1vRmfMuvBXi9r1isNvdvWPaCtFjoptz",
        ],
        "senders": Array [
          "1vRmfMuvBXi9r1isNvdvWPaCtFjoptz",
        ],
      },
      Object {
        "accountId": "mock_account_model1",
        "address": "17uBM1tWxgR3yqq4FxEc3Ysxsi2WuBCKB",
        "addresses": Array [
          "17uBM1tWxgR3yqq4FxEc3Ysxsi2WuBCKB",
        ],
        "amount": 39922779,
        "blockHash": "8017C2454F9E6900489C2C105A4EAD5441D9CB8D58AB9CEF0E129ABDBF94839E",
        "blockHeight": 156900,
        "confirmations": 0,
        "date": "2018-03-10T15:27:39.690Z",
        "hash": "F5DD96AB288F5770CB00F6F1400717F1D844CBFBDA831BA9A9A0E038F50C6446",
        "id": "mock_op_34_mock_account_model1",
        "recipients": Array [
          "17uBM1tWxgR3yqq4FxEc3Ysxsi2WuBCKB",
        ],
        "senders": Array [
          "17uBM1tWxgR3yqq4FxEc3Ysxsi2WuBCKB",
        ],
      },
      Object {
        "accountId": "mock_account_model1",
        "address": "1ZVUa2YN56xuDdVRnSdHfR1BiaeM2",
        "addresses": Array [
          "1ZVUa2YN56xuDdVRnSdHfR1BiaeM2",
        ],
        "amount": 19563409,
        "blockHash": "17774B6DF780BACFDF7A6C0377060F35F058828962E858769C43BB0F906F9F29",
        "blockHeight": 156897,
        "confirmations": 0,
        "date": "2018-03-10T14:45:28.916Z",
        "hash": "5B89CF37BEEADE7B8F0092D426C27BD0124EE8DE4240AB156C8E13C1A2E671E9",
        "id": "mock_op_35_mock_account_model1",
        "recipients": Array [
          "1ZVUa2YN56xuDdVRnSdHfR1BiaeM2",
        ],
        "senders": Array [
          "1ZVUa2YN56xuDdVRnSdHfR1BiaeM2",
        ],
      },
      Object {
        "accountId": "mock_account_model1",
        "address": "1QcCtjJ9ShPoSdgt5a3Ef5yaq5ybL2ai",
        "addresses": Array [
          "1QcCtjJ9ShPoSdgt5a3Ef5yaq5ybL2ai",
        ],
        "amount": 220118800,
        "blockHash": "05EA9C0ECABDAC92E891AE539D060D9159D86EEE059DB05A8BB8DB4E5BEB7882",
        "blockHeight": 156883,
        "confirmations": 0,
        "date": "2018-03-10T11:13:44.755Z",
        "hash": "145FE2BDC9CC07D9313DEB0E39CCB90DE3711507AAAE228DEF9BC56FC6D0571C",
        "id": "mock_op_36_mock_account_model1",
        "recipients": Array [
          "1QcCtjJ9ShPoSdgt5a3Ef5yaq5ybL2ai",
        ],
        "senders": Array [
          "1QcCtjJ9ShPoSdgt5a3Ef5yaq5ybL2ai",
        ],
      },
    ],
    "operationsSize": 37,
    "path": "49'/1'/1'/0/2",
    "unitMagnitude": 8,
    "walletPath": "49'/1'/1'",
    "xpub": "F645D40EED6E262E3A6CCC3181EB9CAECCF89E8E4B36187F92C319A29A4E3A56",
  },
  "version": 0,
}
`;
