
QZnSJvwhoy1HJG4QCCGGJEJY6S8HkSUp1H
{ address: 'QZnSJvwhoy1HJG4QCCGGJEJY6S8HkSUp1H',
  path: '44\'/88\'/0\'/0/15',
  publicKey: '044e185b7f88512f9018707be4eb4a35055d5a8a2947db30cbc9098a70171786f27a0ee1b87136aa410ae6de6dfe0eb9c9735587cc551367efc9804147f05d73ab',
  chainCode: '6b74cf03c3dd63757cb8cec44acc9dc6f745721622700f7aabfc8f1dd153e621' }

QixUhrE98WwqR1Ubf5rj58RaNsKxNj9hZu
{ address: 'QixUhrE98WwqR1Ubf5rj58RaNsKxNj9hZu',
  path: '44\'/88\'/1\'/0/17',
  publicKey: '0472ffec70081d2a41ae175f7acfac449a6e776259f8740bdd99497b4e570aa5f36acd203b62ebb8ee7da3421536c44fdefa772463224f917a05e5451d59a5a230',
  chainCode: '3e1e718dd580ba931c66c2001e994526ca37ec9864023d1b833b9c0d3ed62421' }

QU2fczjs5MHdiKXBRPrFdrX5cNjEBoXntr
{ address: 'QU2fczjs5MHdiKXBRPrFdrX5cNjEBoXntr',
  path: '44\'/88\'/2\'/0/1',
  publicKey: '043f2831dfa59baf981293d568a98960992a328b7561c546dafe98ea8c5de938cd208285ef37524135161c06a9bd7e9140c18a2a204e3171c158d41ab99028a0f5',
  chainCode: 'dfdf12b4d7f508f15e5791e1845fcb788f1c5530854e594d01ea8b418b084ad8' }

QcD3kWugBFhrAJRvdHy66edekVDqZVmZPz
{ address: 'QcD3kWugBFhrAJRvdHy66edekVDqZVmZPz',
  path: '44\'/88\'/3\'/0/0',
  publicKey: '042adf592bb61a8c5d211694d5018cfab73693aa281274215521688c43f53496a093f079c48bbbf3c1e2d175dbc8748e98c26ea9a7f7a27f9060b684fbe650deb4',
  chainCode: '41d89353b0991ba0345fe01e0d58edf0bc61c941142a0c778054962d8b20b2f2' }
