{ name: 'Bitcoin', version: '1.3.10', flags: <Buffer 00> }
