// Jest Snapshot v1, https://goo.gl/fbAQLP

exports[`stable user 1`] = `
Object {
  "firmwareNonce": "85F599",
}
`;
