{ name: 'Ethereum', version: '1.1.9', flags: <Buffer 02> }
