{ address: '2MtDVceeyg8hwv4regwYdFS3Vee3UWaikwq',
  path: '49\'/1\'/0\'/0/19',
  publicKey: '041ae3a8971c52c2e2b3a25a5f6be8b8cfe12bcf80fbaecbfb9d6edc06895828fee529da7ea9f8e9ae4e2af3aa413a7455601bc84f22c84a4f21147f2317d5ebd1',
  chainCode: '8738efd282fdf75ec173f87949b19d21cf6ef9b6b07de06d1896b786cb174803' }
{ address: '2MtPYgdDKiH9cSkhgrCBxjhtzvMav6tQEEk',
  path: '49\'/1\'/1\'/0/10',
  publicKey: '04331047b19ab7281fcb3822b4f9b8a08495f6fae74103996616f011725952b42a09cc0b657764a7ccdd6711229d10fadcfba8f41c38fa621cec9d229b86feaa1c',
  chainCode: '95c7e2885def37db00fcc6a3b52973949eadc25f68ed169f84203ef9e16ef07c' }
{ address: '2N9uCsDi1C6eHCzMdWtdyMDsCubKmZQJC6B',
  path: '49\'/1\'/2\'/0/0',
  publicKey: '045658e4c758585399f67b3f6d2213236fd3c1eeb3db536368be0a5d1424db0d16012ce63fcf17a0e17058190f3879f9d3fd8b41cd69c24dfeae760cbc3667ec3c',
  chainCode: '1e788ff445554b92df3579a2c3c302a97de200e70888fbdedbdb49d7e4dd8e4f' }
