{
  "id": "libcore:1:ethereum:xpub6DXuQW1FgeHbhwE9A8iL8ePrBq6ZRPLfdVFG8SLkeigxXNmPecYxr924U23ad5vMsPBLsm6BpqHyJEesCZB7uzdZS2xDZGphxqEJb1cphQW:ethM",
  "seedIdentifier": "046575fa4cc4274a90599226af2493b8bdaf978674dc777bac4c3ef1667792d7339ef42ce783c0c4d83306720015473897508ef6029e7400869ea515526f4394c9",
  "name": "Ethereum 1 (legacy)",
  "derivationMode": "ethM",
  "index": 0,
  "freshAddress": "0x17733CAb76d9A2112576443F21735789733B1ca3",
  "freshAddressPath": "44'/60'/0'/0",
  "pendingOperations": [],
  "currencyId": "ethereum",
  "unitMagnitude": 18,
  "balance": "0",
  "xpub": "xpub6DXuQW1FgeHbhwE9A8iL8ePrBq6ZRPLfdVFG8SLkeigxXNmPecYxr924U23ad5vMsPBLsm6BpqHyJEesCZB7uzdZS2xDZGphxqEJb1cphQW",
  "tokenAccounts": [
    {
      "id": "libcore:1:ethereum:xpub6DXuQW1FgeHbhwE9A8iL8ePrBq6ZRPLfdVFG8SLkeigxXNmPecYxr924U23ad5vMsPBLsm6BpqHyJEesCZB7uzdZS2xDZGphxqEJb1cphQW:ethM+0xE41d2489571d322189246DaFA5ebDe1F4699F498",
      "parentId": "libcore:1:ethereum:xpub6DXuQW1FgeHbhwE9A8iL8ePrBq6ZRPLfdVFG8SLkeigxXNmPecYxr924U23ad5vMsPBLsm6BpqHyJEesCZB7uzdZS2xDZGphxqEJb1cphQW:ethM",
      "tokenId": "ethereum/erc20/0x_project",
      "balance": "-1826560000000000000",
      "operations": [
        {
          "id": "libcore:1:ethereum:xpub6DXuQW1FgeHbhwE9A8iL8ePrBq6ZRPLfdVFG8SLkeigxXNmPecYxr924U23ad5vMsPBLsm6BpqHyJEesCZB7uzdZS2xDZGphxqEJb1cphQW:ethM+0xE41d2489571d322189246DaFA5ebDe1F4699F498-0xdb71e957445c99c51d8c3dacf6bf7b4e7894526504f52f0c3d86746da95cb25f-OUT",
          "type": "OUT",
          "hash": "0xdb71e957445c99c51d8c3dacf6bf7b4e7894526504f52f0c3d86746da95cb25f",
          "senders": [
            "0x17733CAb76d9A2112576443F21735789733B1ca3"
          ],
          "recipients": [
            "0xA49386FFF4e0Dd767b145e75d92f7FbA8854553e"
          ],
          "blockHeight": 7455904,
          "blockHash": null,
          "accountId": "libcore:1:ethereum:xpub6DXuQW1FgeHbhwE9A8iL8ePrBq6ZRPLfdVFG8SLkeigxXNmPecYxr924U23ad5vMsPBLsm6BpqHyJEesCZB7uzdZS2xDZGphxqEJb1cphQW:ethM+0xE41d2489571d322189246DaFA5ebDe1F4699F498",
          "extra": {},
          "date": "2019-03-28T08:22:48.000Z",
          "value": "123221060000000000",
          "fee": "221060000000000"
        },
        {
          "id": "libcore:1:ethereum:xpub6DXuQW1FgeHbhwE9A8iL8ePrBq6ZRPLfdVFG8SLkeigxXNmPecYxr924U23ad5vMsPBLsm6BpqHyJEesCZB7uzdZS2xDZGphxqEJb1cphQW:ethM+0xE41d2489571d322189246DaFA5ebDe1F4699F498-0x001d310236091fd2f528bd11b784e72f041d0b415610d9a11e9a0d6661ce0687-IN",
          "type": "IN",
          "hash": "0x001d310236091fd2f528bd11b784e72f041d0b415610d9a11e9a0d6661ce0687",
          "senders": [
            "0xA49386FFF4e0Dd767b145e75d92f7FbA8854553e"
          ],
          "recipients": [
            "0x17733CAb76d9A2112576443F21735789733B1ca3"
          ],
          "blockHeight": 7455889,
          "blockHash": null,
          "accountId": "libcore:1:ethereum:xpub6DXuQW1FgeHbhwE9A8iL8ePrBq6ZRPLfdVFG8SLkeigxXNmPecYxr924U23ad5vMsPBLsm6BpqHyJEesCZB7uzdZS2xDZGphxqEJb1cphQW:ethM+0xE41d2489571d322189246DaFA5ebDe1F4699F498",
          "extra": {},
          "date": "2019-03-28T08:19:13.000Z",
          "value": "123000000000000000",
          "fee": "416848000000000"
        },
        {
          "id": "libcore:1:ethereum:xpub6DXuQW1FgeHbhwE9A8iL8ePrBq6ZRPLfdVFG8SLkeigxXNmPecYxr924U23ad5vMsPBLsm6BpqHyJEesCZB7uzdZS2xDZGphxqEJb1cphQW:ethM+0xE41d2489571d322189246DaFA5ebDe1F4699F498-0xda57cd47db7f7ba80a12793617d7c7358e6f53ffd7a632a2b275c896836c6ac5-OUT",
          "type": "OUT",
          "hash": "0xda57cd47db7f7ba80a12793617d7c7358e6f53ffd7a632a2b275c896836c6ac5",
          "senders": [
            "0x17733CAb76d9A2112576443F21735789733B1ca3"
          ],
          "recipients": [
            "0x7AC3b4A753F7eF26E9d4EF61D51180ad5bFB4357"
          ],
          "blockHeight": 7449490,
          "blockHash": null,
          "accountId": "libcore:1:ethereum:xpub6DXuQW1FgeHbhwE9A8iL8ePrBq6ZRPLfdVFG8SLkeigxXNmPecYxr924U23ad5vMsPBLsm6BpqHyJEesCZB7uzdZS2xDZGphxqEJb1cphQW:ethM+0xE41d2489571d322189246DaFA5ebDe1F4699F498",
          "extra": {},
          "date": "2019-03-27T08:27:22.000Z",
          "value": "5103716848000000000",
          "fee": "296848000000000"
        },
        {
          "id": "libcore:1:ethereum:xpub6DXuQW1FgeHbhwE9A8iL8ePrBq6ZRPLfdVFG8SLkeigxXNmPecYxr924U23ad5vMsPBLsm6BpqHyJEesCZB7uzdZS2xDZGphxqEJb1cphQW:ethM+0xE41d2489571d322189246DaFA5ebDe1F4699F498-0x14ef91c522e01689a9d22336c11c48391b75e2929788ed76968e019795b7496f-OUT",
          "type": "OUT",
          "hash": "0x14ef91c522e01689a9d22336c11c48391b75e2929788ed76968e019795b7496f",
          "senders": [
            "0x17733CAb76d9A2112576443F21735789733B1ca3"
          ],
          "recipients": [
            "0xf86fCfa5091e93F320a800d47aa8FB10a0d4078B"
          ],
          "blockHeight": 7449215,
          "blockHash": null,
          "accountId": "libcore:1:ethereum:xpub6DXuQW1FgeHbhwE9A8iL8ePrBq6ZRPLfdVFG8SLkeigxXNmPecYxr924U23ad5vMsPBLsm6BpqHyJEesCZB7uzdZS2xDZGphxqEJb1cphQW:ethM+0xE41d2489571d322189246DaFA5ebDe1F4699F498",
          "extra": {},
          "date": "2019-03-27T07:27:55.000Z",
          "value": "1234519780000000000",
          "fee": "519780000000000"
        },
        {
          "id": "libcore:1:ethereum:xpub6DXuQW1FgeHbhwE9A8iL8ePrBq6ZRPLfdVFG8SLkeigxXNmPecYxr924U23ad5vMsPBLsm6BpqHyJEesCZB7uzdZS2xDZGphxqEJb1cphQW:ethM+0xE41d2489571d322189246DaFA5ebDe1F4699F498-0x1d1e07214d383062a32bd9916929dab30055fe4155908e303cfc485afaa4a28c-OUT",
          "type": "OUT",
          "hash": "0x1d1e07214d383062a32bd9916929dab30055fe4155908e303cfc485afaa4a28c",
          "senders": [
            "0x17733CAb76d9A2112576443F21735789733B1ca3"
          ],
          "recipients": [
            "0x17733CAb76d9A2112576443F21735789733B1ca3"
          ],
          "blockHeight": 7449182,
          "blockHash": null,
          "accountId": "libcore:1:ethereum:xpub6DXuQW1FgeHbhwE9A8iL8ePrBq6ZRPLfdVFG8SLkeigxXNmPecYxr924U23ad5vMsPBLsm6BpqHyJEesCZB7uzdZS2xDZGphxqEJb1cphQW:ethM+0xE41d2489571d322189246DaFA5ebDe1F4699F498",
          "extra": {},
          "date": "2019-03-27T07:19:23.000Z",
          "value": "1480420000000000",
          "fee": "370420000000000"
        },
        {
          "id": "libcore:1:ethereum:xpub6DXuQW1FgeHbhwE9A8iL8ePrBq6ZRPLfdVFG8SLkeigxXNmPecYxr924U23ad5vMsPBLsm6BpqHyJEesCZB7uzdZS2xDZGphxqEJb1cphQW:ethM+0xE41d2489571d322189246DaFA5ebDe1F4699F498-0xf05aae5d2ded1ef99ae14cdebbf61aa51e77c05db91a5d725dda61b17c57656b-OUT",
          "type": "OUT",
          "hash": "0xf05aae5d2ded1ef99ae14cdebbf61aa51e77c05db91a5d725dda61b17c57656b",
          "senders": [
            "0x17733CAb76d9A2112576443F21735789733B1ca3"
          ],
          "recipients": [
            "0xc9756cBdF45fE52de24c96296564bc207F95306E"
          ],
          "blockHeight": 7436632,
          "blockHash": null,
          "accountId": "libcore:1:ethereum:xpub6DXuQW1FgeHbhwE9A8iL8ePrBq6ZRPLfdVFG8SLkeigxXNmPecYxr924U23ad5vMsPBLsm6BpqHyJEesCZB7uzdZS2xDZGphxqEJb1cphQW:ethM+0xE41d2489571d322189246DaFA5ebDe1F4699F498",
          "extra": {},
          "date": "2019-03-25T07:52:39.000Z",
          "value": "2234207912000000000",
          "fee": "207912000000000"
        },
        {
          "id": "libcore:1:ethereum:xpub6DXuQW1FgeHbhwE9A8iL8ePrBq6ZRPLfdVFG8SLkeigxXNmPecYxr924U23ad5vMsPBLsm6BpqHyJEesCZB7uzdZS2xDZGphxqEJb1cphQW:ethM+0xE41d2489571d322189246DaFA5ebDe1F4699F498-0x9c1568b02fd5ecce36b51ca1689ca82700e26b90c07a91fe699452392a7ad17c-IN",
          "type": "IN",
          "hash": "0x9c1568b02fd5ecce36b51ca1689ca82700e26b90c07a91fe699452392a7ad17c",
          "senders": [
            "0xf86fCfa5091e93F320a800d47aa8FB10a0d4078B"
          ],
          "recipients": [
            "0x17733CAb76d9A2112576443F21735789733B1ca3"
          ],
          "blockHeight": 7411381,
          "blockHash": null,
          "accountId": "libcore:1:ethereum:xpub6DXuQW1FgeHbhwE9A8iL8ePrBq6ZRPLfdVFG8SLkeigxXNmPecYxr924U23ad5vMsPBLsm6BpqHyJEesCZB7uzdZS2xDZGphxqEJb1cphQW:ethM+0xE41d2489571d322189246DaFA5ebDe1F4699F498",
          "extra": {},
          "date": "2019-03-21T09:36:59.000Z",
          "value": "1123000000000000000",
          "fee": "176848000000000"
        },
        {
          "id": "libcore:1:ethereum:xpub6DXuQW1FgeHbhwE9A8iL8ePrBq6ZRPLfdVFG8SLkeigxXNmPecYxr924U23ad5vMsPBLsm6BpqHyJEesCZB7uzdZS2xDZGphxqEJb1cphQW:ethM+0xE41d2489571d322189246DaFA5ebDe1F4699F498-0xf40bcf1853d071b547c0b5a6a6143220831adbe34c6c6707bc2ada7a45ed1c94-OUT",
          "type": "OUT",
          "hash": "0xf40bcf1853d071b547c0b5a6a6143220831adbe34c6c6707bc2ada7a45ed1c94",
          "senders": [
            "0x17733CAb76d9A2112576443F21735789733B1ca3"
          ],
          "recipients": [
            "0xf86fCfa5091e93F320a800d47aa8FB10a0d4078B"
          ],
          "blockHeight": 7411355,
          "blockHash": null,
          "accountId": "libcore:1:ethereum:xpub6DXuQW1FgeHbhwE9A8iL8ePrBq6ZRPLfdVFG8SLkeigxXNmPecYxr924U23ad5vMsPBLsm6BpqHyJEesCZB7uzdZS2xDZGphxqEJb1cphQW:ethM+0xE41d2489571d322189246DaFA5ebDe1F4699F498",
          "extra": {},
          "date": "2019-03-21T09:31:31.000Z",
          "value": "1123416336000000000",
          "fee": "416336000000000"
        },
        {
          "id": "libcore:1:ethereum:xpub6DXuQW1FgeHbhwE9A8iL8ePrBq6ZRPLfdVFG8SLkeigxXNmPecYxr924U23ad5vMsPBLsm6BpqHyJEesCZB7uzdZS2xDZGphxqEJb1cphQW:ethM+0xE41d2489571d322189246DaFA5ebDe1F4699F498-0xeebf39e1a770201415698d168e922143baa638c71a7008c580a8ff88c004b5a0-OUT",
          "type": "OUT",
          "hash": "0xeebf39e1a770201415698d168e922143baa638c71a7008c580a8ff88c004b5a0",
          "senders": [
            "0x17733CAb76d9A2112576443F21735789733B1ca3"
          ],
          "recipients": [
            "0x17733CAb76d9A2112576443F21735789733B1ca3"
          ],
          "blockHeight": 7411322,
          "blockHash": null,
          "accountId": "libcore:1:ethereum:xpub6DXuQW1FgeHbhwE9A8iL8ePrBq6ZRPLfdVFG8SLkeigxXNmPecYxr924U23ad5vMsPBLsm6BpqHyJEesCZB7uzdZS2xDZGphxqEJb1cphQW:ethM+0xE41d2489571d322189246DaFA5ebDe1F4699F498",
          "extra": {},
          "date": "2019-03-21T09:24:12.000Z",
          "value": "1000296336000000000",
          "fee": "296336000000000"
        },
        {
          "id": "libcore:1:ethereum:xpub6DXuQW1FgeHbhwE9A8iL8ePrBq6ZRPLfdVFG8SLkeigxXNmPecYxr924U23ad5vMsPBLsm6BpqHyJEesCZB7uzdZS2xDZGphxqEJb1cphQW:ethM+0xE41d2489571d322189246DaFA5ebDe1F4699F498-0x8be64c3f3d679344f50d79c4fe747d4b1c9c5c647ed0de155f47a00df23c6353-OUT",
          "type": "OUT",
          "hash": "0x8be64c3f3d679344f50d79c4fe747d4b1c9c5c647ed0de155f47a00df23c6353",
          "senders": [
            "0x17733CAb76d9A2112576443F21735789733B1ca3"
          ],
          "recipients": [
            "0x17733CAb76d9A2112576443F21735789733B1ca3"
          ],
          "blockHeight": 7399372,
          "blockHash": null,
          "accountId": "libcore:1:ethereum:xpub6DXuQW1FgeHbhwE9A8iL8ePrBq6ZRPLfdVFG8SLkeigxXNmPecYxr924U23ad5vMsPBLsm6BpqHyJEesCZB7uzdZS2xDZGphxqEJb1cphQW:ethM+0xE41d2489571d322189246DaFA5ebDe1F4699F498",
          "extra": {},
          "date": "2019-03-19T12:52:03.000Z",
          "value": "234074084000000000",
          "fee": "74084000000000"
        },
        {
          "id": "libcore:1:ethereum:xpub6DXuQW1FgeHbhwE9A8iL8ePrBq6ZRPLfdVFG8SLkeigxXNmPecYxr924U23ad5vMsPBLsm6BpqHyJEesCZB7uzdZS2xDZGphxqEJb1cphQW:ethM+0xE41d2489571d322189246DaFA5ebDe1F4699F498-0x90dfcdd38898a7a77d9cfea4a4c070f1bd796cc0ebb2d77f3498ed99c33d64ee-OUT",
          "type": "OUT",
          "hash": "0x90dfcdd38898a7a77d9cfea4a4c070f1bd796cc0ebb2d77f3498ed99c33d64ee",
          "senders": [
            "0x17733CAb76d9A2112576443F21735789733B1ca3"
          ],
          "recipients": [
            "0x17733CAb76d9A2112576443F21735789733B1ca3"
          ],
          "blockHeight": 7399351,
          "blockHash": null,
          "accountId": "libcore:1:ethereum:xpub6DXuQW1FgeHbhwE9A8iL8ePrBq6ZRPLfdVFG8SLkeigxXNmPecYxr924U23ad5vMsPBLsm6BpqHyJEesCZB7uzdZS2xDZGphxqEJb1cphQW:ethM+0xE41d2489571d322189246DaFA5ebDe1F4699F498",
          "extra": {},
          "date": "2019-03-19T12:46:57.000Z",
          "value": "234074084000000000",
          "fee": "74084000000000"
        },
        {
          "id": "libcore:1:ethereum:xpub6DXuQW1FgeHbhwE9A8iL8ePrBq6ZRPLfdVFG8SLkeigxXNmPecYxr924U23ad5vMsPBLsm6BpqHyJEesCZB7uzdZS2xDZGphxqEJb1cphQW:ethM+0xE41d2489571d322189246DaFA5ebDe1F4699F498-0x06d17564b513fbf10965d2d2fbd7bf382106b47d00895a23d8816afcb1d304df-OUT",
          "type": "OUT",
          "hash": "0x06d17564b513fbf10965d2d2fbd7bf382106b47d00895a23d8816afcb1d304df",
          "senders": [
            "0x17733CAb76d9A2112576443F21735789733B1ca3"
          ],
          "recipients": [
            "0x17733CAb76d9A2112576443F21735789733B1ca3"
          ],
          "blockHeight": 7399027,
          "blockHash": null,
          "accountId": "libcore:1:ethereum:xpub6DXuQW1FgeHbhwE9A8iL8ePrBq6ZRPLfdVFG8SLkeigxXNmPecYxr924U23ad5vMsPBLsm6BpqHyJEesCZB7uzdZS2xDZGphxqEJb1cphQW:ethM+0xE41d2489571d322189246DaFA5ebDe1F4699F498",
          "extra": {},
          "date": "2019-03-19T11:32:52.000Z",
          "value": "123746848000000000",
          "fee": "296848000000000"
        },
        {
          "id": "libcore:1:ethereum:xpub6DXuQW1FgeHbhwE9A8iL8ePrBq6ZRPLfdVFG8SLkeigxXNmPecYxr924U23ad5vMsPBLsm6BpqHyJEesCZB7uzdZS2xDZGphxqEJb1cphQW:ethM+0xE41d2489571d322189246DaFA5ebDe1F4699F498-0x60ac5cc5c8a16fa83e2907e7e65fd042208c7255a6ddfde1b08b76f003c773cd-OUT",
          "type": "OUT",
          "hash": "0x60ac5cc5c8a16fa83e2907e7e65fd042208c7255a6ddfde1b08b76f003c773cd",
          "senders": [
            "0x17733CAb76d9A2112576443F21735789733B1ca3"
          ],
          "recipients": [
            "0x17733CAb76d9A2112576443F21735789733B1ca3"
          ],
          "blockHeight": 7398816,
          "blockHash": null,
          "accountId": "libcore:1:ethereum:xpub6DXuQW1FgeHbhwE9A8iL8ePrBq6ZRPLfdVFG8SLkeigxXNmPecYxr924U23ad5vMsPBLsm6BpqHyJEesCZB7uzdZS2xDZGphxqEJb1cphQW:ethM+0xE41d2489571d322189246DaFA5ebDe1F4699F498",
          "extra": {},
          "date": "2019-03-19T10:46:47.000Z",
          "value": "234074084000000000",
          "fee": "74084000000000"
        },
        {
          "id": "libcore:1:ethereum:xpub6DXuQW1FgeHbhwE9A8iL8ePrBq6ZRPLfdVFG8SLkeigxXNmPecYxr924U23ad5vMsPBLsm6BpqHyJEesCZB7uzdZS2xDZGphxqEJb1cphQW:ethM+0xE41d2489571d322189246DaFA5ebDe1F4699F498-0xefa1f6259893df5d7ef63e58e5ed7236263000bd9a62f58b424b19200afda0a7-IN",
          "type": "IN",
          "hash": "0xefa1f6259893df5d7ef63e58e5ed7236263000bd9a62f58b424b19200afda0a7",
          "senders": [
            "0x519192a437e6aeb895Cec72828A73B11b698dE3a"
          ],
          "recipients": [
            "0x17733CAb76d9A2112576443F21735789733B1ca3"
          ],
          "blockHeight": 7398790,
          "blockHash": null,
          "accountId": "libcore:1:ethereum:xpub6DXuQW1FgeHbhwE9A8iL8ePrBq6ZRPLfdVFG8SLkeigxXNmPecYxr924U23ad5vMsPBLsm6BpqHyJEesCZB7uzdZS2xDZGphxqEJb1cphQW:ethM+0xE41d2489571d322189246DaFA5ebDe1F4699F498",
          "extra": {},
          "date": "2019-03-19T10:39:48.000Z",
          "value": "8336860000000000000",
          "fee": "176848000000000"
        },
        {
          "id": "libcore:1:ethereum:xpub6DXuQW1FgeHbhwE9A8iL8ePrBq6ZRPLfdVFG8SLkeigxXNmPecYxr924U23ad5vMsPBLsm6BpqHyJEesCZB7uzdZS2xDZGphxqEJb1cphQW:ethM+0xE41d2489571d322189246DaFA5ebDe1F4699F498-0x93bc119ce6213c0a55dea8bb04d234c35ef747beef22461072ca5a4655464247-IN",
          "type": "IN",
          "hash": "0x93bc119ce6213c0a55dea8bb04d234c35ef747beef22461072ca5a4655464247",
          "senders": [
            "0x519192a437e6aeb895Cec72828A73B11b698dE3a"
          ],
          "recipients": [
            "0x17733CAb76d9A2112576443F21735789733B1ca3"
          ],
          "blockHeight": 7329262,
          "blockHash": null,
          "accountId": "libcore:1:ethereum:xpub6DXuQW1FgeHbhwE9A8iL8ePrBq6ZRPLfdVFG8SLkeigxXNmPecYxr924U23ad5vMsPBLsm6BpqHyJEesCZB7uzdZS2xDZGphxqEJb1cphQW:ethM+0xE41d2489571d322189246DaFA5ebDe1F4699F498",
          "extra": {},
          "date": "2019-03-08T14:53:04.000Z",
          "value": "234560000000000000",
          "fee": "520420000000000"
        }
      ]
    }
  ]
}
{
  "id": "libcore:1:ethereum:xpub6DXuQW1FgeHbjXRNR3mE7tmZGDqVeU6HLamgjqg1PaZpfc8f5sCxHSzkgYNhHu88jUU1L5jSrk4wX39Nxs2jXAGK2UH2DBC9BPjLJbdZQGF:ethM",
  "seedIdentifier": "046575fa4cc4274a90599226af2493b8bdaf978674dc777bac4c3ef1667792d7339ef42ce783c0c4d83306720015473897508ef6029e7400869ea515526f4394c9",
  "name": "Ethereum 2 (legacy)",
  "derivationMode": "ethM",
  "index": 1,
  "freshAddress": "0x012b85B1e9Ca6599424eF624A0bFC4cF527bCad7",
  "freshAddressPath": "44'/60'/0'/1",
  "pendingOperations": [],
  "currencyId": "ethereum",
  "unitMagnitude": 18,
  "balance": "0",
  "xpub": "xpub6DXuQW1FgeHbjXRNR3mE7tmZGDqVeU6HLamgjqg1PaZpfc8f5sCxHSzkgYNhHu88jUU1L5jSrk4wX39Nxs2jXAGK2UH2DBC9BPjLJbdZQGF",
  "tokenAccounts": []
}
{
  "id": "libcore:1:ethereum:xpub6DXuQW1FgeHby7ayhNkfkEf4JW3J3pTqrjWfoRfHHzSuPVu5NE5p6hi9maQsFvwSztjiAjJqgisKuZACony9myfyJ9RZdymhW65AkD3n7Rp:ethM",
  "seedIdentifier": "046575fa4cc4274a90599226af2493b8bdaf978674dc777bac4c3ef1667792d7339ef42ce783c0c4d83306720015473897508ef6029e7400869ea515526f4394c9",
  "name": "Ethereum 7 (legacy)",
  "derivationMode": "ethM",
  "index": 6,
  "freshAddress": "0x0AC45A10bbBa4A7d5DE695f0031bBe2945550e9e",
  "freshAddressPath": "44'/60'/0'/6",
  "pendingOperations": [],
  "currencyId": "ethereum",
  "unitMagnitude": 18,
  "balance": "0",
  "xpub": "xpub6DXuQW1FgeHby7ayhNkfkEf4JW3J3pTqrjWfoRfHHzSuPVu5NE5p6hi9maQsFvwSztjiAjJqgisKuZACony9myfyJ9RZdymhW65AkD3n7Rp",
  "tokenAccounts": []
}
{
  "id": "libcore:1:ethereum:xpub6FR3GHXGtwxbaz9JAyVrQ17tdXKU8QLNPrPvvnC4qJ7Dpr8DpueoBxKpnB7WqebEbXZQ6KJtbPCLnH4N3J84CBLzF4cjSkfRZHmJJoEFhdY:ethMM",
  "seedIdentifier": "046575fa4cc4274a90599226af2493b8bdaf978674dc777bac4c3ef1667792d7339ef42ce783c0c4d83306720015473897508ef6029e7400869ea515526f4394c9",
  "name": "Ethereum 2 (metamask)",
  "derivationMode": "ethMM",
  "index": 1,
  "freshAddress": "0x160278aC9B0F1E5d375e314fa605f2d79Cc1240e",
  "freshAddressPath": "44'/60'/0'/0/1",
  "pendingOperations": [],
  "currencyId": "ethereum",
  "unitMagnitude": 18,
  "balance": "97225400922728",
  "xpub": "xpub6FR3GHXGtwxbaz9JAyVrQ17tdXKU8QLNPrPvvnC4qJ7Dpr8DpueoBxKpnB7WqebEbXZQ6KJtbPCLnH4N3J84CBLzF4cjSkfRZHmJJoEFhdY",
  "tokenAccounts": []
}
{
  "id": "libcore:1:ethereum:xpub6BemYiVNp19ZzH73tAbE9guoQcyygwpWgmrch2J2WsbJhxUSnjZXpMnAKru6wXK3AWxU2fywYBCdojmwnFL6qiH3ByqXpDJ2PKGijdaNvAb:",
  "seedIdentifier": "046575fa4cc4274a90599226af2493b8bdaf978674dc777bac4c3ef1667792d7339ef42ce783c0c4d83306720015473897508ef6029e7400869ea515526f4394c9",
  "name": "Ethereum 1",
  "derivationMode": "",
  "index": 0,
  "freshAddress": "0x519192a437e6aeb895Cec72828A73B11b698dE3a",
  "freshAddressPath": "44'/60'/0'/0/0",
  "pendingOperations": [],
  "currencyId": "ethereum",
  "unitMagnitude": 18,
  "balance": "48167391707119",
  "xpub": "xpub6BemYiVNp19ZzH73tAbE9guoQcyygwpWgmrch2J2WsbJhxUSnjZXpMnAKru6wXK3AWxU2fywYBCdojmwnFL6qiH3ByqXpDJ2PKGijdaNvAb",
  "tokenAccounts": [
    {
      "id": "libcore:1:ethereum:xpub6BemYiVNp19ZzH73tAbE9guoQcyygwpWgmrch2J2WsbJhxUSnjZXpMnAKru6wXK3AWxU2fywYBCdojmwnFL6qiH3ByqXpDJ2PKGijdaNvAb:+0xE41d2489571d322189246DaFA5ebDe1F4699F498",
      "parentId": "libcore:1:ethereum:xpub6BemYiVNp19ZzH73tAbE9guoQcyygwpWgmrch2J2WsbJhxUSnjZXpMnAKru6wXK3AWxU2fywYBCdojmwnFL6qiH3ByqXpDJ2PKGijdaNvAb:",
      "tokenId": "ethereum/erc20/0x_project",
      "balance": "0",
      "operations": [
        {
          "id": "libcore:1:ethereum:xpub6BemYiVNp19ZzH73tAbE9guoQcyygwpWgmrch2J2WsbJhxUSnjZXpMnAKru6wXK3AWxU2fywYBCdojmwnFL6qiH3ByqXpDJ2PKGijdaNvAb:+0xE41d2489571d322189246DaFA5ebDe1F4699F498-0xefa1f6259893df5d7ef63e58e5ed7236263000bd9a62f58b424b19200afda0a7-OUT",
          "type": "OUT",
          "hash": "0xefa1f6259893df5d7ef63e58e5ed7236263000bd9a62f58b424b19200afda0a7",
          "senders": [
            "0x519192a437e6aeb895Cec72828A73B11b698dE3a"
          ],
          "recipients": [
            "0x17733CAb76d9A2112576443F21735789733B1ca3"
          ],
          "blockHeight": 7398790,
          "blockHash": null,
          "accountId": "libcore:1:ethereum:xpub6BemYiVNp19ZzH73tAbE9guoQcyygwpWgmrch2J2WsbJhxUSnjZXpMnAKru6wXK3AWxU2fywYBCdojmwnFL6qiH3ByqXpDJ2PKGijdaNvAb:+0xE41d2489571d322189246DaFA5ebDe1F4699F498",
          "extra": {},
          "date": "2019-03-19T10:39:48.000Z",
          "value": "8337036848000000000",
          "fee": "176848000000000"
        },
        {
          "id": "libcore:1:ethereum:xpub6BemYiVNp19ZzH73tAbE9guoQcyygwpWgmrch2J2WsbJhxUSnjZXpMnAKru6wXK3AWxU2fywYBCdojmwnFL6qiH3ByqXpDJ2PKGijdaNvAb:+0xE41d2489571d322189246DaFA5ebDe1F4699F498-0x93bc119ce6213c0a55dea8bb04d234c35ef747beef22461072ca5a4655464247-OUT",
          "type": "OUT",
          "hash": "0x93bc119ce6213c0a55dea8bb04d234c35ef747beef22461072ca5a4655464247",
          "senders": [
            "0x519192a437e6aeb895Cec72828A73B11b698dE3a"
          ],
          "recipients": [
            "0x17733CAb76d9A2112576443F21735789733B1ca3"
          ],
          "blockHeight": 7329262,
          "blockHash": null,
          "accountId": "libcore:1:ethereum:xpub6BemYiVNp19ZzH73tAbE9guoQcyygwpWgmrch2J2WsbJhxUSnjZXpMnAKru6wXK3AWxU2fywYBCdojmwnFL6qiH3ByqXpDJ2PKGijdaNvAb:+0xE41d2489571d322189246DaFA5ebDe1F4699F498",
          "extra": {},
          "date": "2019-03-08T14:53:04.000Z",
          "value": "235080420000000000",
          "fee": "520420000000000"
        },
        {
          "id": "libcore:1:ethereum:xpub6BemYiVNp19ZzH73tAbE9guoQcyygwpWgmrch2J2WsbJhxUSnjZXpMnAKru6wXK3AWxU2fywYBCdojmwnFL6qiH3ByqXpDJ2PKGijdaNvAb:+0xE41d2489571d322189246DaFA5ebDe1F4699F498-0x8c187a551e4600e654096852a481424c434eb08aa717349dabb011f6a7b012ea-IN",
          "type": "IN",
          "hash": "0x8c187a551e4600e654096852a481424c434eb08aa717349dabb011f6a7b012ea",
          "senders": [
            "0x815048f1Bf26DA08f0B9b164c525f357A6ba9fC0"
          ],
          "recipients": [
            "0x519192a437e6aeb895Cec72828A73B11b698dE3a"
          ],
          "blockHeight": 7327860,
          "blockHash": null,
          "accountId": "libcore:1:ethereum:xpub6BemYiVNp19ZzH73tAbE9guoQcyygwpWgmrch2J2WsbJhxUSnjZXpMnAKru6wXK3AWxU2fywYBCdojmwnFL6qiH3ByqXpDJ2PKGijdaNvAb:+0xE41d2489571d322189246DaFA5ebDe1F4699F498",
          "extra": {},
          "date": "2019-03-08T09:35:50.000Z",
          "value": "8571420000000000000",
          "fee": "333954000000000"
        }
      ]
    }
  ]
}
{
  "id": "libcore:1:ethereum:xpub6BemYiVNp19a2gr3M8NhZyc2hiexuJ3aAseCCqam3zuUCL6dKqDqdp3KyxVg85Q4TTonXFu8RxDa3awaYymiDYSrDtyc6GqbpLLQZ56Vqtg:",
  "seedIdentifier": "046575fa4cc4274a90599226af2493b8bdaf978674dc777bac4c3ef1667792d7339ef42ce783c0c4d83306720015473897508ef6029e7400869ea515526f4394c9",
  "name": "Ethereum 2",
  "derivationMode": "",
  "index": 1,
  "freshAddress": "0xBE6051057B83c2669Ac70530fE7271Db6A7caB6c",
  "freshAddressPath": "44'/60'/1'/0/0",
  "pendingOperations": [],
  "currencyId": "ethereum",
  "unitMagnitude": 18,
  "balance": "0",
  "xpub": "xpub6BemYiVNp19a2gr3M8NhZyc2hiexuJ3aAseCCqam3zuUCL6dKqDqdp3KyxVg85Q4TTonXFu8RxDa3awaYymiDYSrDtyc6GqbpLLQZ56Vqtg",
  "tokenAccounts": []
}
{
  "id": "libcore:1:ethereum:xpub6BemYiVNp19a5v5jEmfyEhiHqgomBV53gJ9Fz2W61fotANTEVnZusmGPNYKYQXmJtqTJUNmevsyfrGtiGNbH8qNBDnhEtb8o7eTf8MTxeC4:",
  "seedIdentifier": "046575fa4cc4274a90599226af2493b8bdaf978674dc777bac4c3ef1667792d7339ef42ce783c0c4d83306720015473897508ef6029e7400869ea515526f4394c9",
  "name": "Ethereum 3",
  "derivationMode": "",
  "index": 2,
  "freshAddress": "0xA49386FFF4e0Dd767b145e75d92f7FbA8854553e",
  "freshAddressPath": "44'/60'/2'/0/0",
  "pendingOperations": [],
  "currencyId": "ethereum",
  "unitMagnitude": 18,
  "balance": "8972",
  "xpub": "xpub6BemYiVNp19a5v5jEmfyEhiHqgomBV53gJ9Fz2W61fotANTEVnZusmGPNYKYQXmJtqTJUNmevsyfrGtiGNbH8qNBDnhEtb8o7eTf8MTxeC4",
  "tokenAccounts": [
    {
      "id": "libcore:1:ethereum:xpub6BemYiVNp19a5v5jEmfyEhiHqgomBV53gJ9Fz2W61fotANTEVnZusmGPNYKYQXmJtqTJUNmevsyfrGtiGNbH8qNBDnhEtb8o7eTf8MTxeC4:+0xE41d2489571d322189246DaFA5ebDe1F4699F498",
      "parentId": "libcore:1:ethereum:xpub6BemYiVNp19a5v5jEmfyEhiHqgomBV53gJ9Fz2W61fotANTEVnZusmGPNYKYQXmJtqTJUNmevsyfrGtiGNbH8qNBDnhEtb8o7eTf8MTxeC4:",
      "tokenId": "ethereum/erc20/0x_project",
      "balance": "877000000000000000",
      "operations": [
        {
          "id": "libcore:1:ethereum:xpub6BemYiVNp19a5v5jEmfyEhiHqgomBV53gJ9Fz2W61fotANTEVnZusmGPNYKYQXmJtqTJUNmevsyfrGtiGNbH8qNBDnhEtb8o7eTf8MTxeC4:+0xE41d2489571d322189246DaFA5ebDe1F4699F498-0xdb71e957445c99c51d8c3dacf6bf7b4e7894526504f52f0c3d86746da95cb25f-IN",
          "type": "IN",
          "hash": "0xdb71e957445c99c51d8c3dacf6bf7b4e7894526504f52f0c3d86746da95cb25f",
          "senders": [
            "0x17733CAb76d9A2112576443F21735789733B1ca3"
          ],
          "recipients": [
            "0xA49386FFF4e0Dd767b145e75d92f7FbA8854553e"
          ],
          "blockHeight": 7455904,
          "blockHash": null,
          "accountId": "libcore:1:ethereum:xpub6BemYiVNp19a5v5jEmfyEhiHqgomBV53gJ9Fz2W61fotANTEVnZusmGPNYKYQXmJtqTJUNmevsyfrGtiGNbH8qNBDnhEtb8o7eTf8MTxeC4:+0xE41d2489571d322189246DaFA5ebDe1F4699F498",
          "extra": {},
          "date": "2019-03-28T08:22:48.000Z",
          "value": "123000000000000000",
          "fee": "221060000000000"
        },
        {
          "id": "libcore:1:ethereum:xpub6BemYiVNp19a5v5jEmfyEhiHqgomBV53gJ9Fz2W61fotANTEVnZusmGPNYKYQXmJtqTJUNmevsyfrGtiGNbH8qNBDnhEtb8o7eTf8MTxeC4:+0xE41d2489571d322189246DaFA5ebDe1F4699F498-0x001d310236091fd2f528bd11b784e72f041d0b415610d9a11e9a0d6661ce0687-OUT",
          "type": "OUT",
          "hash": "0x001d310236091fd2f528bd11b784e72f041d0b415610d9a11e9a0d6661ce0687",
          "senders": [
            "0xA49386FFF4e0Dd767b145e75d92f7FbA8854553e"
          ],
          "recipients": [
            "0x17733CAb76d9A2112576443F21735789733B1ca3"
          ],
          "blockHeight": 7455889,
          "blockHash": null,
          "accountId": "libcore:1:ethereum:xpub6BemYiVNp19a5v5jEmfyEhiHqgomBV53gJ9Fz2W61fotANTEVnZusmGPNYKYQXmJtqTJUNmevsyfrGtiGNbH8qNBDnhEtb8o7eTf8MTxeC4:+0xE41d2489571d322189246DaFA5ebDe1F4699F498",
          "extra": {},
          "date": "2019-03-28T08:19:13.000Z",
          "value": "123416848000000000",
          "fee": "416848000000000"
        },
        {
          "id": "libcore:1:ethereum:xpub6BemYiVNp19a5v5jEmfyEhiHqgomBV53gJ9Fz2W61fotANTEVnZusmGPNYKYQXmJtqTJUNmevsyfrGtiGNbH8qNBDnhEtb8o7eTf8MTxeC4:+0xE41d2489571d322189246DaFA5ebDe1F4699F498-0x78079d0eac085175a91327800b1ff7b3a50dc46a53837a489e4c2bdd5f5f9d72-OUT",
          "type": "OUT",
          "hash": "0x78079d0eac085175a91327800b1ff7b3a50dc46a53837a489e4c2bdd5f5f9d72",
          "senders": [
            "0xA49386FFF4e0Dd767b145e75d92f7FbA8854553e"
          ],
          "recipients": [
            "0xA49386FFF4e0Dd767b145e75d92f7FbA8854553e"
          ],
          "blockHeight": 7455866,
          "blockHash": null,
          "accountId": "libcore:1:ethereum:xpub6BemYiVNp19a5v5jEmfyEhiHqgomBV53gJ9Fz2W61fotANTEVnZusmGPNYKYQXmJtqTJUNmevsyfrGtiGNbH8qNBDnhEtb8o7eTf8MTxeC4:+0xE41d2489571d322189246DaFA5ebDe1F4699F498",
          "extra": {},
          "date": "2019-03-28T08:15:41.000Z",
          "value": "123296848000000000",
          "fee": "296848000000000"
        },
        {
          "id": "libcore:1:ethereum:xpub6BemYiVNp19a5v5jEmfyEhiHqgomBV53gJ9Fz2W61fotANTEVnZusmGPNYKYQXmJtqTJUNmevsyfrGtiGNbH8qNBDnhEtb8o7eTf8MTxeC4:+0xE41d2489571d322189246DaFA5ebDe1F4699F498-0x8adddab0c70e35789f097648d87031b5d93608a42464a4f5cc54e6286ff0fddf-IN",
          "type": "IN",
          "hash": "0x8adddab0c70e35789f097648d87031b5d93608a42464a4f5cc54e6286ff0fddf",
          "senders": [
            "0x7106c62e7b2064a83155AA41bCA45D3af095D140"
          ],
          "recipients": [
            "0xA49386FFF4e0Dd767b145e75d92f7FbA8854553e"
          ],
          "blockHeight": 7455790,
          "blockHash": null,
          "accountId": "libcore:1:ethereum:xpub6BemYiVNp19a5v5jEmfyEhiHqgomBV53gJ9Fz2W61fotANTEVnZusmGPNYKYQXmJtqTJUNmevsyfrGtiGNbH8qNBDnhEtb8o7eTf8MTxeC4:+0xE41d2489571d322189246DaFA5ebDe1F4699F498",
          "extra": {},
          "date": "2019-03-28T07:59:29.000Z",
          "value": "1000000000000000000",
          "fee": "370420000000000"
        }
      ]
    }
  ]
}
{
  "id": "libcore:1:ethereum:xpub6BemYiVNp19a8oyxzFsctpMEibsmhpzCUWNczmprm3kWHF52JgDpvquERk6qH5gmfHu35pGRDkFww4JKpCYL5Kh4biAD3kAbZ9maqxDLmrz:",
  "seedIdentifier": "046575fa4cc4274a90599226af2493b8bdaf978674dc777bac4c3ef1667792d7339ef42ce783c0c4d83306720015473897508ef6029e7400869ea515526f4394c9",
  "name": "Ethereum 4",
  "derivationMode": "",
  "index": 3,
  "freshAddress": "0x1d47aE4AbB54EFb390a8c984bDdB9E9c97F1d72c",
  "freshAddressPath": "44'/60'/3'/0/0",
  "pendingOperations": [],
  "currencyId": "ethereum",
  "unitMagnitude": 18,
  "balance": "0",
  "xpub": "xpub6BemYiVNp19a8oyxzFsctpMEibsmhpzCUWNczmprm3kWHF52JgDpvquERk6qH5gmfHu35pGRDkFww4JKpCYL5Kh4biAD3kAbZ9maqxDLmrz",
  "tokenAccounts": []
}
