{
  "id": "libcore:1:ethereum:xpub6BemYiVNp19a1XgWqLcpWd1pBDZTgzPEcVvhR15cpXPVQjuEnrU7fa3TUatX2NbRWNkqx51jmyukisqGokHq5dyK5uYcbwQBF7nJyAdpYZy:",
  "seedIdentifier": "0434ab5fd7ee8bd794b8a41875aa9a78a296d7c4246531dfd36d47fa6bb42c8eb02720c6d9802b8590c4a461f08c2a7696557a9ec1d4fd0ca340c63b33ad359f42",
  "xpub": "xpub6BemYiVNp19a1XgWqLcpWd1pBDZTgzPEcVvhR15cpXPVQjuEnrU7fa3TUatX2NbRWNkqx51jmyukisqGokHq5dyK5uYcbwQBF7nJyAdpYZy",
  "derivationMode": "",
  "index": 0,
  "freshAddress": "0x0E3F0bb9516F01f2C34c25E0957518b8aC9414c5",
  "freshAddressPath": "44'/60'/0'/0/0",
  "name": "Ethereum 1",
  "pendingOperations": [],
  "currencyId": "ethereum",
  "unitMagnitude": 18,
  "balance": "164895346814974430",
  "tokenAccounts": []
}
{
  "id": "libcore:1:ethereum:xpub6BemYiVNp19a56t4FLHBhvys6iThqTAyC44jUX5b8fpPWSjrGaBMVdXo49wVVBVGVcRVPGo1eUUZPMFrKriqtL68pEeGCt37UzYXP4h3WX5:",
  "seedIdentifier": "0434ab5fd7ee8bd794b8a41875aa9a78a296d7c4246531dfd36d47fa6bb42c8eb02720c6d9802b8590c4a461f08c2a7696557a9ec1d4fd0ca340c63b33ad359f42",
  "xpub": "xpub6BemYiVNp19a56t4FLHBhvys6iThqTAyC44jUX5b8fpPWSjrGaBMVdXo49wVVBVGVcRVPGo1eUUZPMFrKriqtL68pEeGCt37UzYXP4h3WX5",
  "derivationMode": "",
  "index": 1,
  "freshAddress": "0x667F9BE94a42458cb53A3A66511Dca19b397738d",
  "freshAddressPath": "44'/60'/1'/0/0",
  "name": "Ethereum 2",
  "pendingOperations": [],
  "currencyId": "ethereum",
  "unitMagnitude": 18,
  "balance": "0",
  "tokenAccounts": []
}
