{
  "id": "libcore:1:ethereum:xpub6BemYiVNp19a1XgWqLcpWd1pBDZTgzPEcVvhR15cpXPVQjuEnrU7fa3TUatX2NbRWNkqx51jmyukisqGokHq5dyK5uYcbwQBF7nJyAdpYZy:-0x1e8c303352661c125ae2b3f54aa94ba09046c68ec2e9bdf88f55767e29a8bdf0-OUT",
  "type": "OUT",
  "senders": [
    "0x0E3F0bb9516F01f2C34c25E0957518b8aC9414c5"
  ],
  "recipients": [
    "0xabf06640f8ca8fC5e0Ed471b10BeFCDf65A33e43"
  ],
  "blockHeight": 7553504,
  "blockHash": null,
  "accountId": "libcore:1:ethereum:xpub6BemYiVNp19a1XgWqLcpWd1pBDZTgzPEcVvhR15cpXPVQjuEnrU7fa3TUatX2NbRWNkqx51jmyukisqGokHq5dyK5uYcbwQBF7nJyAdpYZy:",
  "extra": {},
  "hash": "0x1e8c303352661c125ae2b3f54aa94ba09046c68ec2e9bdf88f55767e29a8bdf0",
  "value": "25712800000000000",
  "fee": "100800000000000"
}
{
  "id": "libcore:1:ethereum:xpub6BemYiVNp19a1XgWqLcpWd1pBDZTgzPEcVvhR15cpXPVQjuEnrU7fa3TUatX2NbRWNkqx51jmyukisqGokHq5dyK5uYcbwQBF7nJyAdpYZy:-0x25867519e9b983a05f1f724246b8ab39b668291297f0fc45552f158d21083da8-OUT",
  "type": "OUT",
  "senders": [
    "0x0E3F0bb9516F01f2C34c25E0957518b8aC9414c5"
  ],
  "recipients": [
    "0x5df0C369641B8Af3c7e9ae076E5466eF678319Cd"
  ],
  "blockHeight": 7530209,
  "blockHash": null,
  "accountId": "libcore:1:ethereum:xpub6BemYiVNp19a1XgWqLcpWd1pBDZTgzPEcVvhR15cpXPVQjuEnrU7fa3TUatX2NbRWNkqx51jmyukisqGokHq5dyK5uYcbwQBF7nJyAdpYZy:",
  "extra": {},
  "hash": "0x25867519e9b983a05f1f724246b8ab39b668291297f0fc45552f158d21083da8",
  "value": "7042000000000000",
  "fee": "42000000000000"
}
{
  "id": "libcore:1:ethereum:xpub6BemYiVNp19a1XgWqLcpWd1pBDZTgzPEcVvhR15cpXPVQjuEnrU7fa3TUatX2NbRWNkqx51jmyukisqGokHq5dyK5uYcbwQBF7nJyAdpYZy:-0x393d68b0c216f3e2732f5f3768f7b0db250cde635ece784fa5618ef509b434d3-IN",
  "type": "IN",
  "senders": [
    "0x6d8052B82fA531C19a2649d0bBe847A547cad2d5"
  ],
  "recipients": [
    "0x0E3F0bb9516F01f2C34c25E0957518b8aC9414c5"
  ],
  "blockHeight": 7636894,
  "blockHash": null,
  "accountId": "libcore:1:ethereum:xpub6BemYiVNp19a1XgWqLcpWd1pBDZTgzPEcVvhR15cpXPVQjuEnrU7fa3TUatX2NbRWNkqx51jmyukisqGokHq5dyK5uYcbwQBF7nJyAdpYZy:",
  "extra": {},
  "hash": "0x393d68b0c216f3e2732f5f3768f7b0db250cde635ece784fa5618ef509b434d3",
  "value": "20000000000000000",
  "fee": "84000000000000"
}
{
  "id": "libcore:1:ethereum:xpub6BemYiVNp19a1XgWqLcpWd1pBDZTgzPEcVvhR15cpXPVQjuEnrU7fa3TUatX2NbRWNkqx51jmyukisqGokHq5dyK5uYcbwQBF7nJyAdpYZy:-0x3b60ba7f44f154e68624117257db2d97c42f7ac4c8b495e39b434348c76977d1-OUT",
  "type": "OUT",
  "senders": [
    "0x0E3F0bb9516F01f2C34c25E0957518b8aC9414c5"
  ],
  "recipients": [
    "0x89d24A6b4CcB1B6fAA2625fE562bDD9a23260359"
  ],
  "blockHeight": 7669056,
  "blockHash": null,
  "accountId": "libcore:1:ethereum:xpub6BemYiVNp19a1XgWqLcpWd1pBDZTgzPEcVvhR15cpXPVQjuEnrU7fa3TUatX2NbRWNkqx51jmyukisqGokHq5dyK5uYcbwQBF7nJyAdpYZy:",
  "extra": {},
  "hash": "0x3b60ba7f44f154e68624117257db2d97c42f7ac4c8b495e39b434348c76977d1",
  "value": "136860480000000",
  "fee": "136860480000000"
}
{
  "id": "libcore:1:ethereum:xpub6BemYiVNp19a1XgWqLcpWd1pBDZTgzPEcVvhR15cpXPVQjuEnrU7fa3TUatX2NbRWNkqx51jmyukisqGokHq5dyK5uYcbwQBF7nJyAdpYZy:-0x3beccb08cf102f4a5e67ef8c23e8ea369e8af96c535db8b720a7d4425e8555fe-IN",
  "type": "IN",
  "senders": [
    "0x0E3F0bb9516F01f2C34c25E0957518b8aC9414c5"
  ],
  "recipients": [
    "0x0E3F0bb9516F01f2C34c25E0957518b8aC9414c5"
  ],
  "blockHeight": 7662830,
  "blockHash": null,
  "accountId": "libcore:1:ethereum:xpub6BemYiVNp19a1XgWqLcpWd1pBDZTgzPEcVvhR15cpXPVQjuEnrU7fa3TUatX2NbRWNkqx51jmyukisqGokHq5dyK5uYcbwQBF7nJyAdpYZy:",
  "extra": {},
  "hash": "0x3beccb08cf102f4a5e67ef8c23e8ea369e8af96c535db8b720a7d4425e8555fe",
  "value": "31442446988674436",
  "fee": "98175000000000"
}
{
  "id": "libcore:1:ethereum:xpub6BemYiVNp19a1XgWqLcpWd1pBDZTgzPEcVvhR15cpXPVQjuEnrU7fa3TUatX2NbRWNkqx51jmyukisqGokHq5dyK5uYcbwQBF7nJyAdpYZy:-0x3beccb08cf102f4a5e67ef8c23e8ea369e8af96c535db8b720a7d4425e8555fe-OUT",
  "type": "OUT",
  "senders": [
    "0x0E3F0bb9516F01f2C34c25E0957518b8aC9414c5"
  ],
  "recipients": [
    "0x0E3F0bb9516F01f2C34c25E0957518b8aC9414c5"
  ],
  "blockHeight": 7662830,
  "blockHash": null,
  "accountId": "libcore:1:ethereum:xpub6BemYiVNp19a1XgWqLcpWd1pBDZTgzPEcVvhR15cpXPVQjuEnrU7fa3TUatX2NbRWNkqx51jmyukisqGokHq5dyK5uYcbwQBF7nJyAdpYZy:",
  "extra": {},
  "hash": "0x3beccb08cf102f4a5e67ef8c23e8ea369e8af96c535db8b720a7d4425e8555fe",
  "value": "31540621988674436",
  "fee": "98175000000000"
}
{
  "id": "libcore:1:ethereum:xpub6BemYiVNp19a1XgWqLcpWd1pBDZTgzPEcVvhR15cpXPVQjuEnrU7fa3TUatX2NbRWNkqx51jmyukisqGokHq5dyK5uYcbwQBF7nJyAdpYZy:-0x426da7ae4f8a4f9a75143235539450bc4710de0e07128227295ccabb3d9db4e9-IN",
  "type": "IN",
  "senders": [
    "0x0E3F0bb9516F01f2C34c25E0957518b8aC9414c5"
  ],
  "recipients": [
    "0x0E3F0bb9516F01f2C34c25E0957518b8aC9414c5"
  ],
  "blockHeight": 7662835,
  "blockHash": null,
  "accountId": "libcore:1:ethereum:xpub6BemYiVNp19a1XgWqLcpWd1pBDZTgzPEcVvhR15cpXPVQjuEnrU7fa3TUatX2NbRWNkqx51jmyukisqGokHq5dyK5uYcbwQBF7nJyAdpYZy:",
  "extra": {},
  "hash": "0x426da7ae4f8a4f9a75143235539450bc4710de0e07128227295ccabb3d9db4e9",
  "value": "31437795653111480",
  "fee": "98175000000000"
}
{
  "id": "libcore:1:ethereum:xpub6BemYiVNp19a1XgWqLcpWd1pBDZTgzPEcVvhR15cpXPVQjuEnrU7fa3TUatX2NbRWNkqx51jmyukisqGokHq5dyK5uYcbwQBF7nJyAdpYZy:-0x426da7ae4f8a4f9a75143235539450bc4710de0e07128227295ccabb3d9db4e9-OUT",
  "type": "OUT",
  "senders": [
    "0x0E3F0bb9516F01f2C34c25E0957518b8aC9414c5"
  ],
  "recipients": [
    "0x0E3F0bb9516F01f2C34c25E0957518b8aC9414c5"
  ],
  "blockHeight": 7662835,
  "blockHash": null,
  "accountId": "libcore:1:ethereum:xpub6BemYiVNp19a1XgWqLcpWd1pBDZTgzPEcVvhR15cpXPVQjuEnrU7fa3TUatX2NbRWNkqx51jmyukisqGokHq5dyK5uYcbwQBF7nJyAdpYZy:",
  "extra": {},
  "hash": "0x426da7ae4f8a4f9a75143235539450bc4710de0e07128227295ccabb3d9db4e9",
  "value": "31535970653111480",
  "fee": "98175000000000"
}
{
  "id": "libcore:1:ethereum:xpub6BemYiVNp19a1XgWqLcpWd1pBDZTgzPEcVvhR15cpXPVQjuEnrU7fa3TUatX2NbRWNkqx51jmyukisqGokHq5dyK5uYcbwQBF7nJyAdpYZy:-0x44a6fd06a00da745f66050890d2591ee473a1549d49745a5159a9ee29da84aa8-IN",
  "type": "IN",
  "senders": [
    "0xA49386FFF4e0Dd767b145e75d92f7FbA8854553e"
  ],
  "recipients": [
    "0x0E3F0bb9516F01f2C34c25E0957518b8aC9414c5"
  ],
  "blockHeight": 7530161,
  "blockHash": null,
  "accountId": "libcore:1:ethereum:xpub6BemYiVNp19a1XgWqLcpWd1pBDZTgzPEcVvhR15cpXPVQjuEnrU7fa3TUatX2NbRWNkqx51jmyukisqGokHq5dyK5uYcbwQBF7nJyAdpYZy:",
  "extra": {},
  "hash": "0x44a6fd06a00da745f66050890d2591ee473a1549d49745a5159a9ee29da84aa8",
  "value": "331419644025820000",
  "fee": "42000000000000"
}
{
  "id": "libcore:1:ethereum:xpub6BemYiVNp19a1XgWqLcpWd1pBDZTgzPEcVvhR15cpXPVQjuEnrU7fa3TUatX2NbRWNkqx51jmyukisqGokHq5dyK5uYcbwQBF7nJyAdpYZy:-0x4c15e07cfbebbcd40386417be1c3b016153cc1a8a60f7ec7f655d75c6f6c3dc5-OUT",
  "type": "OUT",
  "senders": [
    "0x0E3F0bb9516F01f2C34c25E0957518b8aC9414c5"
  ],
  "recipients": [
    "0xE41d2489571d322189246DaFA5ebDe1F4699F498"
  ],
  "blockHeight": 7669041,
  "blockHash": null,
  "accountId": "libcore:1:ethereum:xpub6BemYiVNp19a1XgWqLcpWd1pBDZTgzPEcVvhR15cpXPVQjuEnrU7fa3TUatX2NbRWNkqx51jmyukisqGokHq5dyK5uYcbwQBF7nJyAdpYZy:",
  "extra": {},
  "hash": "0x4c15e07cfbebbcd40386417be1c3b016153cc1a8a60f7ec7f655d75c6f6c3dc5",
  "value": "94220000000000",
  "fee": "94220000000000"
}
{
  "id": "libcore:1:ethereum:xpub6BemYiVNp19a1XgWqLcpWd1pBDZTgzPEcVvhR15cpXPVQjuEnrU7fa3TUatX2NbRWNkqx51jmyukisqGokHq5dyK5uYcbwQBF7nJyAdpYZy:-0x4c5a7a35226b2a4b8e14469a5e5837231e8dbb3db275245f26d1b764e5c9e638-OUT",
  "type": "OUT",
  "senders": [
    "0x0E3F0bb9516F01f2C34c25E0957518b8aC9414c5"
  ],
  "recipients": [
    "0x6d8052B82fA531C19a2649d0bBe847A547cad2d5"
  ],
  "blockHeight": 7579934,
  "blockHash": null,
  "accountId": "libcore:1:ethereum:xpub6BemYiVNp19a1XgWqLcpWd1pBDZTgzPEcVvhR15cpXPVQjuEnrU7fa3TUatX2NbRWNkqx51jmyukisqGokHq5dyK5uYcbwQBF7nJyAdpYZy:",
  "extra": {},
  "hash": "0x4c5a7a35226b2a4b8e14469a5e5837231e8dbb3db275245f26d1b764e5c9e638",
  "value": "10338400000000000",
  "fee": "84000000000000"
}
{
  "id": "libcore:1:ethereum:xpub6BemYiVNp19a1XgWqLcpWd1pBDZTgzPEcVvhR15cpXPVQjuEnrU7fa3TUatX2NbRWNkqx51jmyukisqGokHq5dyK5uYcbwQBF7nJyAdpYZy:-0x57339f70c3220759403267b3fe4a7614d85c1e02cb845383b1bb138a06f62a52-IN",
  "type": "IN",
  "senders": [
    "0x5df0C369641B8Af3c7e9ae076E5466eF678319Cd"
  ],
  "recipients": [
    "0x0E3F0bb9516F01f2C34c25E0957518b8aC9414c5"
  ],
  "blockHeight": 7623533,
  "blockHash": null,
  "accountId": "libcore:1:ethereum:xpub6BemYiVNp19a1XgWqLcpWd1pBDZTgzPEcVvhR15cpXPVQjuEnrU7fa3TUatX2NbRWNkqx51jmyukisqGokHq5dyK5uYcbwQBF7nJyAdpYZy:",
  "extra": {},
  "hash": "0x57339f70c3220759403267b3fe4a7614d85c1e02cb845383b1bb138a06f62a52",
  "value": "65258000000000000",
  "fee": "63000000000000"
}
{
  "id": "libcore:1:ethereum:xpub6BemYiVNp19a1XgWqLcpWd1pBDZTgzPEcVvhR15cpXPVQjuEnrU7fa3TUatX2NbRWNkqx51jmyukisqGokHq5dyK5uYcbwQBF7nJyAdpYZy:-0x57a5b93d2488d7290da335bbba5fc4ae9841e827ba5b0f9b8db736ca935e0ba8-OUT",
  "type": "OUT",
  "senders": [
    "0x0E3F0bb9516F01f2C34c25E0957518b8aC9414c5"
  ],
  "recipients": [
    "0x5EC7106f8D6A62BF12E7CfDf8a27c52de31005a4"
  ],
  "blockHeight": 7553889,
  "blockHash": null,
  "accountId": "libcore:1:ethereum:xpub6BemYiVNp19a1XgWqLcpWd1pBDZTgzPEcVvhR15cpXPVQjuEnrU7fa3TUatX2NbRWNkqx51jmyukisqGokHq5dyK5uYcbwQBF7nJyAdpYZy:",
  "extra": {},
  "hash": "0x57a5b93d2488d7290da335bbba5fc4ae9841e827ba5b0f9b8db736ca935e0ba8",
  "value": "10105000000000000",
  "fee": "105000000000000"
}
{
  "id": "libcore:1:ethereum:xpub6BemYiVNp19a1XgWqLcpWd1pBDZTgzPEcVvhR15cpXPVQjuEnrU7fa3TUatX2NbRWNkqx51jmyukisqGokHq5dyK5uYcbwQBF7nJyAdpYZy:-0x5a2b3a193851eeec83dc15d05f7f3b8def2cb58eb9c0490bc3c5e51880c5470e-IN",
  "type": "IN",
  "senders": [
    "0x0E3F0bb9516F01f2C34c25E0957518b8aC9414c5"
  ],
  "recipients": [
    "0x0E3F0bb9516F01f2C34c25E0957518b8aC9414c5"
  ],
  "blockHeight": 7662797,
  "blockHash": null,
  "accountId": "libcore:1:ethereum:xpub6BemYiVNp19a1XgWqLcpWd1pBDZTgzPEcVvhR15cpXPVQjuEnrU7fa3TUatX2NbRWNkqx51jmyukisqGokHq5dyK5uYcbwQBF7nJyAdpYZy:",
  "extra": {},
  "hash": "0x5a2b3a193851eeec83dc15d05f7f3b8def2cb58eb9c0490bc3c5e51880c5470e",
  "value": "31455312178873316",
  "fee": "98175000000000"
}
{
  "id": "libcore:1:ethereum:xpub6BemYiVNp19a1XgWqLcpWd1pBDZTgzPEcVvhR15cpXPVQjuEnrU7fa3TUatX2NbRWNkqx51jmyukisqGokHq5dyK5uYcbwQBF7nJyAdpYZy:-0x5a2b3a193851eeec83dc15d05f7f3b8def2cb58eb9c0490bc3c5e51880c5470e-OUT",
  "type": "OUT",
  "senders": [
    "0x0E3F0bb9516F01f2C34c25E0957518b8aC9414c5"
  ],
  "recipients": [
    "0x0E3F0bb9516F01f2C34c25E0957518b8aC9414c5"
  ],
  "blockHeight": 7662797,
  "blockHash": null,
  "accountId": "libcore:1:ethereum:xpub6BemYiVNp19a1XgWqLcpWd1pBDZTgzPEcVvhR15cpXPVQjuEnrU7fa3TUatX2NbRWNkqx51jmyukisqGokHq5dyK5uYcbwQBF7nJyAdpYZy:",
  "extra": {},
  "hash": "0x5a2b3a193851eeec83dc15d05f7f3b8def2cb58eb9c0490bc3c5e51880c5470e",
  "value": "31553487178873316",
  "fee": "98175000000000"
}
{
  "id": "libcore:1:ethereum:xpub6BemYiVNp19a1XgWqLcpWd1pBDZTgzPEcVvhR15cpXPVQjuEnrU7fa3TUatX2NbRWNkqx51jmyukisqGokHq5dyK5uYcbwQBF7nJyAdpYZy:-0x6959f60ca012d06d74477124a2eaba10e6d8b718de52be24d4e7bf54319de372-OUT",
  "type": "OUT",
  "senders": [
    "0x0E3F0bb9516F01f2C34c25E0957518b8aC9414c5"
  ],
  "recipients": [
    "0x5EC7106f8D6A62BF12E7CfDf8a27c52de31005a4"
  ],
  "blockHeight": 7530220,
  "blockHash": null,
  "accountId": "libcore:1:ethereum:xpub6BemYiVNp19a1XgWqLcpWd1pBDZTgzPEcVvhR15cpXPVQjuEnrU7fa3TUatX2NbRWNkqx51jmyukisqGokHq5dyK5uYcbwQBF7nJyAdpYZy:",
  "extra": {},
  "hash": "0x6959f60ca012d06d74477124a2eaba10e6d8b718de52be24d4e7bf54319de372",
  "value": "8201247145000000",
  "fee": "63000000000000"
}
{
  "id": "libcore:1:ethereum:xpub6BemYiVNp19a1XgWqLcpWd1pBDZTgzPEcVvhR15cpXPVQjuEnrU7fa3TUatX2NbRWNkqx51jmyukisqGokHq5dyK5uYcbwQBF7nJyAdpYZy:-0x7a0fb635ca9b007350e582e0e59fd9459b900e854d01c65d1007c2e74834fc27-IN",
  "type": "IN",
  "senders": [
    "0x0E3F0bb9516F01f2C34c25E0957518b8aC9414c5"
  ],
  "recipients": [
    "0x0E3F0bb9516F01f2C34c25E0957518b8aC9414c5"
  ],
  "blockHeight": 7663141,
  "blockHash": null,
  "accountId": "libcore:1:ethereum:xpub6BemYiVNp19a1XgWqLcpWd1pBDZTgzPEcVvhR15cpXPVQjuEnrU7fa3TUatX2NbRWNkqx51jmyukisqGokHq5dyK5uYcbwQBF7nJyAdpYZy:",
  "extra": {},
  "hash": "0x7a0fb635ca9b007350e582e0e59fd9459b900e854d01c65d1007c2e74834fc27",
  "value": "6609182522054028",
  "fee": "98175000000000"
}
{
  "id": "libcore:1:ethereum:xpub6BemYiVNp19a1XgWqLcpWd1pBDZTgzPEcVvhR15cpXPVQjuEnrU7fa3TUatX2NbRWNkqx51jmyukisqGokHq5dyK5uYcbwQBF7nJyAdpYZy:-0x7a0fb635ca9b007350e582e0e59fd9459b900e854d01c65d1007c2e74834fc27-OUT",
  "type": "OUT",
  "senders": [
    "0x0E3F0bb9516F01f2C34c25E0957518b8aC9414c5"
  ],
  "recipients": [
    "0x0E3F0bb9516F01f2C34c25E0957518b8aC9414c5"
  ],
  "blockHeight": 7663141,
  "blockHash": null,
  "accountId": "libcore:1:ethereum:xpub6BemYiVNp19a1XgWqLcpWd1pBDZTgzPEcVvhR15cpXPVQjuEnrU7fa3TUatX2NbRWNkqx51jmyukisqGokHq5dyK5uYcbwQBF7nJyAdpYZy:",
  "extra": {},
  "hash": "0x7a0fb635ca9b007350e582e0e59fd9459b900e854d01c65d1007c2e74834fc27",
  "value": "6707357522054028",
  "fee": "98175000000000"
}
{
  "id": "libcore:1:ethereum:xpub6BemYiVNp19a1XgWqLcpWd1pBDZTgzPEcVvhR15cpXPVQjuEnrU7fa3TUatX2NbRWNkqx51jmyukisqGokHq5dyK5uYcbwQBF7nJyAdpYZy:-0x7d029e7e7966b506eca99406289db4cbaeba795ebd1df0222bdff3cfca6d0ccb-OUT",
  "type": "OUT",
  "senders": [
    "0x0E3F0bb9516F01f2C34c25E0957518b8aC9414c5"
  ],
  "recipients": [
    "0x4F833a24e1f95D70F028921e27040Ca56E09AB0b"
  ],
  "blockHeight": 7669099,
  "blockHash": null,
  "accountId": "libcore:1:ethereum:xpub6BemYiVNp19a1XgWqLcpWd1pBDZTgzPEcVvhR15cpXPVQjuEnrU7fa3TUatX2NbRWNkqx51jmyukisqGokHq5dyK5uYcbwQBF7nJyAdpYZy:",
  "extra": {},
  "hash": "0x7d029e7e7966b506eca99406289db4cbaeba795ebd1df0222bdff3cfca6d0ccb",
  "value": "937748640000000",
  "fee": "937748640000000"
}
{
  "id": "libcore:1:ethereum:xpub6BemYiVNp19a1XgWqLcpWd1pBDZTgzPEcVvhR15cpXPVQjuEnrU7fa3TUatX2NbRWNkqx51jmyukisqGokHq5dyK5uYcbwQBF7nJyAdpYZy:-0x80087b3d1afcdba9b3be9ddd1f592b620070a3f42145bf8094830084f93c546b-OUT",
  "type": "OUT",
  "senders": [
    "0x0E3F0bb9516F01f2C34c25E0957518b8aC9414c5"
  ],
  "recipients": [
    "0x5df0C369641B8Af3c7e9ae076E5466eF678319Cd"
  ],
  "blockHeight": 7636615,
  "blockHash": null,
  "accountId": "libcore:1:ethereum:xpub6BemYiVNp19a1XgWqLcpWd1pBDZTgzPEcVvhR15cpXPVQjuEnrU7fa3TUatX2NbRWNkqx51jmyukisqGokHq5dyK5uYcbwQBF7nJyAdpYZy:",
  "extra": {},
  "hash": "0x80087b3d1afcdba9b3be9ddd1f592b620070a3f42145bf8094830084f93c546b",
  "value": "23463000000000000",
  "fee": "63000000000000"
}
{
  "id": "libcore:1:ethereum:xpub6BemYiVNp19a1XgWqLcpWd1pBDZTgzPEcVvhR15cpXPVQjuEnrU7fa3TUatX2NbRWNkqx51jmyukisqGokHq5dyK5uYcbwQBF7nJyAdpYZy:-0x99090639cec8d34c61837b0ce6261973ee7781fceaecdba165e5bf64a9486b5a-OUT",
  "type": "OUT",
  "senders": [
    "0x0E3F0bb9516F01f2C34c25E0957518b8aC9414c5"
  ],
  "recipients": [
    "0xC02aaA39b223FE8D0A0e5C4F27eAD9083C756Cc2"
  ],
  "blockHeight": 7669071,
  "blockHash": null,
  "accountId": "libcore:1:ethereum:xpub6BemYiVNp19a1XgWqLcpWd1pBDZTgzPEcVvhR15cpXPVQjuEnrU7fa3TUatX2NbRWNkqx51jmyukisqGokHq5dyK5uYcbwQBF7nJyAdpYZy:",
  "extra": {},
  "hash": "0x99090639cec8d34c61837b0ce6261973ee7781fceaecdba165e5bf64a9486b5a",
  "value": "142749360000000",
  "fee": "142749360000000"
}
{
  "id": "libcore:1:ethereum:xpub6BemYiVNp19a1XgWqLcpWd1pBDZTgzPEcVvhR15cpXPVQjuEnrU7fa3TUatX2NbRWNkqx51jmyukisqGokHq5dyK5uYcbwQBF7nJyAdpYZy:-0x9e900f891c43928711b258b4f6467533303556e304b922ac38fe8549bdbf32b1-IN",
  "type": "IN",
  "senders": [
    "0x0E3F0bb9516F01f2C34c25E0957518b8aC9414c5"
  ],
  "recipients": [
    "0x0E3F0bb9516F01f2C34c25E0957518b8aC9414c5"
  ],
  "blockHeight": 7662815,
  "blockHash": null,
  "accountId": "libcore:1:ethereum:xpub6BemYiVNp19a1XgWqLcpWd1pBDZTgzPEcVvhR15cpXPVQjuEnrU7fa3TUatX2NbRWNkqx51jmyukisqGokHq5dyK5uYcbwQBF7nJyAdpYZy:",
  "extra": {},
  "hash": "0x9e900f891c43928711b258b4f6467533303556e304b922ac38fe8549bdbf32b1",
  "value": "31468188054874876",
  "fee": "98175000000000"
}
{
  "id": "libcore:1:ethereum:xpub6BemYiVNp19a1XgWqLcpWd1pBDZTgzPEcVvhR15cpXPVQjuEnrU7fa3TUatX2NbRWNkqx51jmyukisqGokHq5dyK5uYcbwQBF7nJyAdpYZy:-0x9e900f891c43928711b258b4f6467533303556e304b922ac38fe8549bdbf32b1-OUT",
  "type": "OUT",
  "senders": [
    "0x0E3F0bb9516F01f2C34c25E0957518b8aC9414c5"
  ],
  "recipients": [
    "0x0E3F0bb9516F01f2C34c25E0957518b8aC9414c5"
  ],
  "blockHeight": 7662815,
  "blockHash": null,
  "accountId": "libcore:1:ethereum:xpub6BemYiVNp19a1XgWqLcpWd1pBDZTgzPEcVvhR15cpXPVQjuEnrU7fa3TUatX2NbRWNkqx51jmyukisqGokHq5dyK5uYcbwQBF7nJyAdpYZy:",
  "extra": {},
  "hash": "0x9e900f891c43928711b258b4f6467533303556e304b922ac38fe8549bdbf32b1",
  "value": "31566363054874876",
  "fee": "98175000000000"
}
{
  "id": "libcore:1:ethereum:xpub6BemYiVNp19a1XgWqLcpWd1pBDZTgzPEcVvhR15cpXPVQjuEnrU7fa3TUatX2NbRWNkqx51jmyukisqGokHq5dyK5uYcbwQBF7nJyAdpYZy:-0xa9d28f0fe69cafbeb443196ef952c46d8b986b25c88a29b01d31c7fdc49aef35-OUT",
  "type": "OUT",
  "senders": [
    "0x0E3F0bb9516F01f2C34c25E0957518b8aC9414c5"
  ],
  "recipients": [
    "0xC02aaA39b223FE8D0A0e5C4F27eAD9083C756Cc2"
  ],
  "blockHeight": 7669041,
  "blockHash": null,
  "accountId": "libcore:1:ethereum:xpub6BemYiVNp19a1XgWqLcpWd1pBDZTgzPEcVvhR15cpXPVQjuEnrU7fa3TUatX2NbRWNkqx51jmyukisqGokHq5dyK5uYcbwQBF7nJyAdpYZy:",
  "extra": {},
  "hash": "0xa9d28f0fe69cafbeb443196ef952c46d8b986b25c88a29b01d31c7fdc49aef35",
  "value": "100086692000000000",
  "fee": "86692000000000"
}
{
  "id": "libcore:1:ethereum:xpub6BemYiVNp19a1XgWqLcpWd1pBDZTgzPEcVvhR15cpXPVQjuEnrU7fa3TUatX2NbRWNkqx51jmyukisqGokHq5dyK5uYcbwQBF7nJyAdpYZy:-0xb3438a8ba5f3e6ce5f7771b61370b7f0309ea2ee1d1d256919574d88eb4c3eac-IN",
  "type": "IN",
  "senders": [
    "0x0E3F0bb9516F01f2C34c25E0957518b8aC9414c5"
  ],
  "recipients": [
    "0x0E3F0bb9516F01f2C34c25E0957518b8aC9414c5"
  ],
  "blockHeight": 7662824,
  "blockHash": null,
  "accountId": "libcore:1:ethereum:xpub6BemYiVNp19a1XgWqLcpWd1pBDZTgzPEcVvhR15cpXPVQjuEnrU7fa3TUatX2NbRWNkqx51jmyukisqGokHq5dyK5uYcbwQBF7nJyAdpYZy:",
  "extra": {},
  "hash": "0xb3438a8ba5f3e6ce5f7771b61370b7f0309ea2ee1d1d256919574d88eb4c3eac",
  "value": "31437214332925580",
  "fee": "98175000000000"
}
{
  "id": "libcore:1:ethereum:xpub6BemYiVNp19a1XgWqLcpWd1pBDZTgzPEcVvhR15cpXPVQjuEnrU7fa3TUatX2NbRWNkqx51jmyukisqGokHq5dyK5uYcbwQBF7nJyAdpYZy:-0xb3438a8ba5f3e6ce5f7771b61370b7f0309ea2ee1d1d256919574d88eb4c3eac-OUT",
  "type": "OUT",
  "senders": [
    "0x0E3F0bb9516F01f2C34c25E0957518b8aC9414c5"
  ],
  "recipients": [
    "0x0E3F0bb9516F01f2C34c25E0957518b8aC9414c5"
  ],
  "blockHeight": 7662824,
  "blockHash": null,
  "accountId": "libcore:1:ethereum:xpub6BemYiVNp19a1XgWqLcpWd1pBDZTgzPEcVvhR15cpXPVQjuEnrU7fa3TUatX2NbRWNkqx51jmyukisqGokHq5dyK5uYcbwQBF7nJyAdpYZy:",
  "extra": {},
  "hash": "0xb3438a8ba5f3e6ce5f7771b61370b7f0309ea2ee1d1d256919574d88eb4c3eac",
  "value": "31535389332925580",
  "fee": "98175000000000"
}
{
  "id": "libcore:1:ethereum:xpub6BemYiVNp19a1XgWqLcpWd1pBDZTgzPEcVvhR15cpXPVQjuEnrU7fa3TUatX2NbRWNkqx51jmyukisqGokHq5dyK5uYcbwQBF7nJyAdpYZy:-0xb41ca94742d765d2e24ad11b1ee63e943e277592041f374eced62be4d9ba5c35-OUT",
  "type": "OUT",
  "senders": [
    "0x0E3F0bb9516F01f2C34c25E0957518b8aC9414c5"
  ],
  "recipients": [
    "0x5df0C369641B8Af3c7e9ae076E5466eF678319Cd"
  ],
  "blockHeight": 7540384,
  "blockHash": null,
  "accountId": "libcore:1:ethereum:xpub6BemYiVNp19a1XgWqLcpWd1pBDZTgzPEcVvhR15cpXPVQjuEnrU7fa3TUatX2NbRWNkqx51jmyukisqGokHq5dyK5uYcbwQBF7nJyAdpYZy:",
  "extra": {},
  "hash": "0xb41ca94742d765d2e24ad11b1ee63e943e277592041f374eced62be4d9ba5c35",
  "value": "19868800000000000",
  "fee": "126000000000000"
}
{
  "id": "libcore:1:ethereum:xpub6BemYiVNp19a1XgWqLcpWd1pBDZTgzPEcVvhR15cpXPVQjuEnrU7fa3TUatX2NbRWNkqx51jmyukisqGokHq5dyK5uYcbwQBF7nJyAdpYZy:-0xb4531dda09c80144f766d05877b1b33c5721e8cf49053b14f0c49c3beb8707b9-OUT",
  "type": "OUT",
  "senders": [
    "0x0E3F0bb9516F01f2C34c25E0957518b8aC9414c5"
  ],
  "recipients": [
    "0x6d8052B82fA531C19a2649d0bBe847A547cad2d5"
  ],
  "blockHeight": 7580215,
  "blockHash": null,
  "accountId": "libcore:1:ethereum:xpub6BemYiVNp19a1XgWqLcpWd1pBDZTgzPEcVvhR15cpXPVQjuEnrU7fa3TUatX2NbRWNkqx51jmyukisqGokHq5dyK5uYcbwQBF7nJyAdpYZy:",
  "extra": {},
  "hash": "0xb4531dda09c80144f766d05877b1b33c5721e8cf49053b14f0c49c3beb8707b9",
  "value": "4267710000000000",
  "fee": "84000000000000"
}
{
  "id": "libcore:1:ethereum:xpub6BemYiVNp19a1XgWqLcpWd1pBDZTgzPEcVvhR15cpXPVQjuEnrU7fa3TUatX2NbRWNkqx51jmyukisqGokHq5dyK5uYcbwQBF7nJyAdpYZy:-0xbdc21c3c4a77cf8027a3a0dbbbf3fc73dc8e40dbdbc94fdfd8d096c534b7344a-IN",
  "type": "IN",
  "senders": [
    "0x0E3F0bb9516F01f2C34c25E0957518b8aC9414c5"
  ],
  "recipients": [
    "0x0E3F0bb9516F01f2C34c25E0957518b8aC9414c5"
  ],
  "blockHeight": 7663118,
  "blockHash": null,
  "accountId": "libcore:1:ethereum:xpub6BemYiVNp19a1XgWqLcpWd1pBDZTgzPEcVvhR15cpXPVQjuEnrU7fa3TUatX2NbRWNkqx51jmyukisqGokHq5dyK5uYcbwQBF7nJyAdpYZy:",
  "extra": {},
  "hash": "0xbdc21c3c4a77cf8027a3a0dbbbf3fc73dc8e40dbdbc94fdfd8d096c534b7344a",
  "value": "6284574009661202",
  "fee": "98175000000000"
}
{
  "id": "libcore:1:ethereum:xpub6BemYiVNp19a1XgWqLcpWd1pBDZTgzPEcVvhR15cpXPVQjuEnrU7fa3TUatX2NbRWNkqx51jmyukisqGokHq5dyK5uYcbwQBF7nJyAdpYZy:-0xbdc21c3c4a77cf8027a3a0dbbbf3fc73dc8e40dbdbc94fdfd8d096c534b7344a-OUT",
  "type": "OUT",
  "senders": [
    "0x0E3F0bb9516F01f2C34c25E0957518b8aC9414c5"
  ],
  "recipients": [
    "0x0E3F0bb9516F01f2C34c25E0957518b8aC9414c5"
  ],
  "blockHeight": 7663118,
  "blockHash": null,
  "accountId": "libcore:1:ethereum:xpub6BemYiVNp19a1XgWqLcpWd1pBDZTgzPEcVvhR15cpXPVQjuEnrU7fa3TUatX2NbRWNkqx51jmyukisqGokHq5dyK5uYcbwQBF7nJyAdpYZy:",
  "extra": {},
  "hash": "0xbdc21c3c4a77cf8027a3a0dbbbf3fc73dc8e40dbdbc94fdfd8d096c534b7344a",
  "value": "6382749009661202",
  "fee": "98175000000000"
}
{
  "id": "libcore:1:ethereum:xpub6BemYiVNp19a1XgWqLcpWd1pBDZTgzPEcVvhR15cpXPVQjuEnrU7fa3TUatX2NbRWNkqx51jmyukisqGokHq5dyK5uYcbwQBF7nJyAdpYZy:-0xc6964f782486aed88dc0bd47dcc67f79c6b571f085e99303eb299326b3d38fed-OUT",
  "type": "OUT",
  "senders": [
    "0x0E3F0bb9516F01f2C34c25E0957518b8aC9414c5"
  ],
  "recipients": [
    "0x4F833a24e1f95D70F028921e27040Ca56E09AB0b"
  ],
  "blockHeight": 7669086,
  "blockHash": null,
  "accountId": "libcore:1:ethereum:xpub6BemYiVNp19a1XgWqLcpWd1pBDZTgzPEcVvhR15cpXPVQjuEnrU7fa3TUatX2NbRWNkqx51jmyukisqGokHq5dyK5uYcbwQBF7nJyAdpYZy:",
  "extra": {},
  "hash": "0xc6964f782486aed88dc0bd47dcc67f79c6b571f085e99303eb299326b3d38fed",
  "value": "758734820000000",
  "fee": "758734820000000"
}
{
  "id": "libcore:1:ethereum:xpub6BemYiVNp19a1XgWqLcpWd1pBDZTgzPEcVvhR15cpXPVQjuEnrU7fa3TUatX2NbRWNkqx51jmyukisqGokHq5dyK5uYcbwQBF7nJyAdpYZy:-0xec80ff4ef47d875210f696dab689f9c0444f370b658ecd18679dc69601388322-IN",
  "type": "IN",
  "senders": [
    "0x5df0C369641B8Af3c7e9ae076E5466eF678319Cd"
  ],
  "recipients": [
    "0x0E3F0bb9516F01f2C34c25E0957518b8aC9414c5"
  ],
  "blockHeight": 7637395,
  "blockHash": null,
  "accountId": "libcore:1:ethereum:xpub6BemYiVNp19a1XgWqLcpWd1pBDZTgzPEcVvhR15cpXPVQjuEnrU7fa3TUatX2NbRWNkqx51jmyukisqGokHq5dyK5uYcbwQBF7nJyAdpYZy:",
  "extra": {},
  "hash": "0xec80ff4ef47d875210f696dab689f9c0444f370b658ecd18679dc69601388322",
  "value": "65100000000000000",
  "fee": "63000000000000"
}
{
  "id": "libcore:1:ethereum:xpub6BemYiVNp19a1XgWqLcpWd1pBDZTgzPEcVvhR15cpXPVQjuEnrU7fa3TUatX2NbRWNkqx51jmyukisqGokHq5dyK5uYcbwQBF7nJyAdpYZy:-0xf7cc605ec5e47bbbd6f108398724280770ecbfc5f57c79f1a9f2f497510fbbbd-OUT",
  "type": "OUT",
  "senders": [
    "0x0E3F0bb9516F01f2C34c25E0957518b8aC9414c5"
  ],
  "recipients": [
    "0x5df0C369641B8Af3c7e9ae076E5466eF678319Cd"
  ],
  "blockHeight": 7598133,
  "blockHash": null,
  "accountId": "libcore:1:ethereum:xpub6BemYiVNp19a1XgWqLcpWd1pBDZTgzPEcVvhR15cpXPVQjuEnrU7fa3TUatX2NbRWNkqx51jmyukisqGokHq5dyK5uYcbwQBF7nJyAdpYZy:",
  "extra": {},
  "hash": "0xf7cc605ec5e47bbbd6f108398724280770ecbfc5f57c79f1a9f2f497510fbbbd",
  "value": "97000553365845550",
  "fee": "42000000000000"
}
{
  "id": "libcore:1:ethereum:xpub6BemYiVNp19a1XgWqLcpWd1pBDZTgzPEcVvhR15cpXPVQjuEnrU7fa3TUatX2NbRWNkqx51jmyukisqGokHq5dyK5uYcbwQBF7nJyAdpYZy:-0xfec9eecff7ec4e96a777f9fd27cf574b0b0afa59dec078ba544da1175db6317e-OUT",
  "type": "OUT",
  "senders": [
    "0x0E3F0bb9516F01f2C34c25E0957518b8aC9414c5"
  ],
  "recipients": [
    "0x6d8052B82fA531C19a2649d0bBe847A547cad2d5"
  ],
  "blockHeight": 7530227,
  "blockHash": null,
  "accountId": "libcore:1:ethereum:xpub6BemYiVNp19a1XgWqLcpWd1pBDZTgzPEcVvhR15cpXPVQjuEnrU7fa3TUatX2NbRWNkqx51jmyukisqGokHq5dyK5uYcbwQBF7nJyAdpYZy:",
  "extra": {},
  "hash": "0xfec9eecff7ec4e96a777f9fd27cf574b0b0afa59dec078ba544da1175db6317e",
  "value": "8038556400000000",
  "fee": "42000000000000"
}
